Archive member included to satisfy reference by file (symbol)

D:/ST/STM32CubeIDE_1.18.1/STM32CubeIDE/plugins/com.st.stm32cube.ide.mcu.externaltools.gnu-tools-for-stm32.13.3.rel1.win32_1.0.0.202411081344/tools/bin/../lib/gcc/arm-none-eabi/13.3.1/../../../../arm-none-eabi/lib/thumb/v7e-m+fp/hard\libc_nano.a(libc_a-exit.o)
                              D:/ST/STM32CubeIDE_1.18.1/STM32CubeIDE/plugins/com.st.stm32cube.ide.mcu.externaltools.gnu-tools-for-stm32.13.3.rel1.win32_1.0.0.202411081344/tools/bin/../lib/gcc/arm-none-eabi/13.3.1/../../../../arm-none-eabi/lib/thumb/v7e-m+fp/hard/crt0.o (exit)
D:/ST/STM32CubeIDE_1.18.1/STM32CubeIDE/plugins/com.st.stm32cube.ide.mcu.externaltools.gnu-tools-for-stm32.13.3.rel1.win32_1.0.0.202411081344/tools/bin/../lib/gcc/arm-none-eabi/13.3.1/../../../../arm-none-eabi/lib/thumb/v7e-m+fp/hard\libc_nano.a(libc_a-findfp.o)
                              D:/ST/STM32CubeIDE_1.18.1/STM32CubeIDE/plugins/com.st.stm32cube.ide.mcu.externaltools.gnu-tools-for-stm32.13.3.rel1.win32_1.0.0.202411081344/tools/bin/../lib/gcc/arm-none-eabi/13.3.1/../../../../arm-none-eabi/lib/thumb/v7e-m+fp/hard\libc_nano.a(libc_a-exit.o) (__stdio_exit_handler)
D:/ST/STM32CubeIDE_1.18.1/STM32CubeIDE/plugins/com.st.stm32cube.ide.mcu.externaltools.gnu-tools-for-stm32.13.3.rel1.win32_1.0.0.202411081344/tools/bin/../lib/gcc/arm-none-eabi/13.3.1/../../../../arm-none-eabi/lib/thumb/v7e-m+fp/hard\libc_nano.a(libc_a-fwalk.o)
                              D:/ST/STM32CubeIDE_1.18.1/STM32CubeIDE/plugins/com.st.stm32cube.ide.mcu.externaltools.gnu-tools-for-stm32.13.3.rel1.win32_1.0.0.202411081344/tools/bin/../lib/gcc/arm-none-eabi/13.3.1/../../../../arm-none-eabi/lib/thumb/v7e-m+fp/hard\libc_nano.a(libc_a-findfp.o) (_fwalk_sglue)
D:/ST/STM32CubeIDE_1.18.1/STM32CubeIDE/plugins/com.st.stm32cube.ide.mcu.externaltools.gnu-tools-for-stm32.13.3.rel1.win32_1.0.0.202411081344/tools/bin/../lib/gcc/arm-none-eabi/13.3.1/../../../../arm-none-eabi/lib/thumb/v7e-m+fp/hard\libc_nano.a(libc_a-sprintf.o)
                              ./Core/Src/coast.o (sprintf)
D:/ST/STM32CubeIDE_1.18.1/STM32CubeIDE/plugins/com.st.stm32cube.ide.mcu.externaltools.gnu-tools-for-stm32.13.3.rel1.win32_1.0.0.202411081344/tools/bin/../lib/gcc/arm-none-eabi/13.3.1/../../../../arm-none-eabi/lib/thumb/v7e-m+fp/hard\libc_nano.a(libc_a-stdio.o)
                              D:/ST/STM32CubeIDE_1.18.1/STM32CubeIDE/plugins/com.st.stm32cube.ide.mcu.externaltools.gnu-tools-for-stm32.13.3.rel1.win32_1.0.0.202411081344/tools/bin/../lib/gcc/arm-none-eabi/13.3.1/../../../../arm-none-eabi/lib/thumb/v7e-m+fp/hard\libc_nano.a(libc_a-findfp.o) (__sread)
D:/ST/STM32CubeIDE_1.18.1/STM32CubeIDE/plugins/com.st.stm32cube.ide.mcu.externaltools.gnu-tools-for-stm32.13.3.rel1.win32_1.0.0.202411081344/tools/bin/../lib/gcc/arm-none-eabi/13.3.1/../../../../arm-none-eabi/lib/thumb/v7e-m+fp/hard\libc_nano.a(libc_a-memset.o)
                              D:/ST/STM32CubeIDE_1.18.1/STM32CubeIDE/plugins/com.st.stm32cube.ide.mcu.externaltools.gnu-tools-for-stm32.13.3.rel1.win32_1.0.0.202411081344/tools/bin/../lib/gcc/arm-none-eabi/13.3.1/../../../../arm-none-eabi/lib/thumb/v7e-m+fp/hard/crt0.o (memset)
D:/ST/STM32CubeIDE_1.18.1/STM32CubeIDE/plugins/com.st.stm32cube.ide.mcu.externaltools.gnu-tools-for-stm32.13.3.rel1.win32_1.0.0.202411081344/tools/bin/../lib/gcc/arm-none-eabi/13.3.1/../../../../arm-none-eabi/lib/thumb/v7e-m+fp/hard\libc_nano.a(libc_a-closer.o)
                              D:/ST/STM32CubeIDE_1.18.1/STM32CubeIDE/plugins/com.st.stm32cube.ide.mcu.externaltools.gnu-tools-for-stm32.13.3.rel1.win32_1.0.0.202411081344/tools/bin/../lib/gcc/arm-none-eabi/13.3.1/../../../../arm-none-eabi/lib/thumb/v7e-m+fp/hard\libc_nano.a(libc_a-stdio.o) (_close_r)
D:/ST/STM32CubeIDE_1.18.1/STM32CubeIDE/plugins/com.st.stm32cube.ide.mcu.externaltools.gnu-tools-for-stm32.13.3.rel1.win32_1.0.0.202411081344/tools/bin/../lib/gcc/arm-none-eabi/13.3.1/../../../../arm-none-eabi/lib/thumb/v7e-m+fp/hard\libc_nano.a(libc_a-reent.o)
                              D:/ST/STM32CubeIDE_1.18.1/STM32CubeIDE/plugins/com.st.stm32cube.ide.mcu.externaltools.gnu-tools-for-stm32.13.3.rel1.win32_1.0.0.202411081344/tools/bin/../lib/gcc/arm-none-eabi/13.3.1/../../../../arm-none-eabi/lib/thumb/v7e-m+fp/hard\libc_nano.a(libc_a-closer.o) (errno)
D:/ST/STM32CubeIDE_1.18.1/STM32CubeIDE/plugins/com.st.stm32cube.ide.mcu.externaltools.gnu-tools-for-stm32.13.3.rel1.win32_1.0.0.202411081344/tools/bin/../lib/gcc/arm-none-eabi/13.3.1/../../../../arm-none-eabi/lib/thumb/v7e-m+fp/hard\libc_nano.a(libc_a-impure.o)
                              D:/ST/STM32CubeIDE_1.18.1/STM32CubeIDE/plugins/com.st.stm32cube.ide.mcu.externaltools.gnu-tools-for-stm32.13.3.rel1.win32_1.0.0.202411081344/tools/bin/../lib/gcc/arm-none-eabi/13.3.1/../../../../arm-none-eabi/lib/thumb/v7e-m+fp/hard\libc_nano.a(libc_a-sprintf.o) (_impure_ptr)
[...]
Memory Configuration

Name             Origin             Length             Attributes
CCMRAM           0x10000000         0x00004000         xrw
RAM              0x20000000         0x00010000         xrw
FLASH            0x08000000         0x00080000         xr
*default*        0x00000000         0xffffffff

Linker script and memory map

LOAD D:/ST/STM32CubeIDE_1.18.1/STM32CubeIDE/plugins/com.st.stm32cube.ide.mcu.externaltools.gnu-tools-for-stm32.13.3.rel1.win32_1.0.0.202411081344/tools/bin/../lib/gcc/arm-none-eabi/13.3.1/thumb/v7e-m+fp/hard/crti.o
LOAD D:/ST/STM32CubeIDE_1.18.1/STM32CubeIDE/plugins/com.st.stm32cube.ide.mcu.externaltools.gnu-tools-for-stm32.13.3.rel1.win32_1.0.0.202411081344/tools/bin/../lib/gcc/arm-none-eabi/13.3.1/thumb/v7e-m+fp/hard/crtbegin.o
LOAD D:/ST/STM32CubeIDE_1.18.1/STM32CubeIDE/plugins/com.st.stm32cube.ide.mcu.externaltools.gnu-tools-for-stm32.13.3.rel1.win32_1.0.0.202411081344/tools/bin/../lib/gcc/arm-none-eabi/13.3.1/../../../../arm-none-eabi/lib/thumb/v7e-m+fp/hard/crt0.o
LOAD ./Core/Src/asm.o
LOAD ./Core/Src/buzzer.o
LOAD ./Core/Src/coast.o
LOAD ./Core/Src/interrupt.o
LOAD ./Core/Src/lcd.o
LOAD ./Core/Src/main.o
LOAD ./Core/Src/options.o
LOAD ./Core/Src/state.o
LOAD ./Core/Src/stm32f3xx_hal_msp.o
LOAD ./Core/Src/stm32f3xx_it.o
LOAD ./Core/Src/syscalls.o
LOAD ./Core/Src/sysmem.o
LOAD ./Core/Src/system_stm32f3xx.o
LOAD ./Core/Src/time.o
LOAD ./Core/Src/vibration.o
LOAD ./Core/Startup/startup_stm32f303retx.o
LOAD ./Drivers/STM32F3xx_HAL_Driver/Src/stm32f3xx_hal.o
LOAD ./Drivers/STM32F3xx_HAL_Driver/Src/stm32f3xx_hal_cortex.o
LOAD ./Drivers/STM32F3xx_HAL_Driver/Src/stm32f3xx_hal_dma.o
LOAD ./Drivers/STM32F3xx_HAL_Driver/Src/stm32f3xx_hal_exti.o
LOAD ./Drivers/STM32F3xx_HAL_Driver/Src/stm32f3xx_hal_flash.o
LOAD ./Drivers/STM32F3xx_HAL_Driver/Src/stm32f3xx_hal_flash_ex.o
LOAD ./Drivers/STM32F3xx_HAL_Driver/Src/stm32f3xx_hal_gpio.o
LOAD ./Drivers/STM32F3xx_HAL_Driver/Src/stm32f3xx_hal_i2c.o
LOAD ./Drivers/STM32F3xx_HAL_Driver/Src/stm32f3xx_hal_i2c_ex.o
LOAD ./Drivers/STM32F3xx_HAL_Driver/Src/stm32f3xx_hal_pwr.o
LOAD ./Drivers/STM32F3xx_HAL_Driver/Src/stm32f3xx_hal_pwr_ex.o
LOAD ./Drivers/STM32F3xx_HAL_Driver/Src/stm32f3xx_hal_rcc.o
LOAD ./Drivers/STM32F3xx_HAL_Driver/Src/stm32f3xx_hal_rcc_ex.o
LOAD ./Drivers/STM32F3xx_HAL_Driver/Src/stm32f3xx_hal_rtc.o
LOAD ./Drivers/STM32F3xx_HAL_Driver/Src/stm32f3xx_hal_rtc_ex.o
LOAD ./Drivers/STM32F3xx_HAL_Driver/Src/stm32f3xx_hal_tim.o
LOAD ./Drivers/STM32F3xx_HAL_Driver/Src/stm32f3xx_hal_tim_ex.o
START GROUP
LOAD D:/ST/STM32CubeIDE_1.18.1/STM32CubeIDE/plugins/com.st.stm32cube.ide.mcu.externaltools.gnu-tools-for-stm32.13.3.rel1.win32_1.0.0.202411081344/tools/bin/../lib/gcc/arm-none-eabi/13.3.1/../../../../arm-none-eabi/lib/thumb/v7e-m+fp/hard\libc_nano.a
LOAD D:/ST/STM32CubeIDE_1.18.1/STM32CubeIDE/plugins/com.st.stm32cube.ide.mcu.externaltools.gnu-tools-for-stm32.13.3.rel1.win32_1.0.0.202411081344/tools/bin/../lib/gcc/arm-none-eabi/13.3.1/../../../../arm-none-eabi/lib/thumb/v7e-m+fp/hard\libm.a
END GROUP
START GROUP
LOAD D:/ST/STM32CubeIDE_1.18.1/STM32CubeIDE/plugins/com.st.stm32cube.ide.mcu.externaltools.gnu-tools-for-stm32.13.3.rel1.win32_1.0.0.202411081344/tools/bin/../lib/gcc/arm-none-eabi/13.3.1/thumb/v7e-m+fp/hard\libgcc.a
LOAD D:/ST/STM32CubeIDE_1.18.1/STM32CubeIDE/plugins/com.st.stm32cube.ide.mcu.externaltools.gnu-tools-for-stm32.13.3.rel1.win32_1.0.0.202411081344/tools/bin/../lib/gcc/arm-none-eabi/13.3.1/../../../../arm-none-eabi/lib/thumb/v7e-m+fp/hard\libc_nano.a
END GROUP
START GROUP
LOAD D:/ST/STM32CubeIDE_1.18.1/STM32CubeIDE/plugins/com.st.stm32cube.ide.mcu.externaltools.gnu-tools-for-stm32.13.3.rel1.win32_1.0.0.202411081344/tools/bin/../lib/gcc/arm-none-eabi/13.3.1/thumb/v7e-m+fp/hard\libgcc.a
LOAD D:/ST/STM32CubeIDE_1.18.1/STM32CubeIDE/plugins/com.st.stm32cube.ide.mcu.externaltools.gnu-tools-for-stm32.13.3.rel1.win32_1.0.0.202411081344/tools/bin/../lib/gcc/arm-none-eabi/13.3.1/../../../../arm-none-eabi/lib/thumb/v7e-m+fp/hard\libc_nano.a
LOAD D:/ST/STM32CubeIDE_1.18.1/STM32CubeIDE/plugins/com.st.stm32cube.ide.mcu.externaltools.gnu-tools-for-stm32.13.3.rel1.win32_1.0.0.202411081344/tools/bin/../lib/gcc/arm-none-eabi/13.3.1/../../../../arm-none-eabi/lib/thumb/v7e-m+fp/hard\libnosys.a
END GROUP
START GROUP
LOAD D:/ST/STM32CubeIDE_1.18.1/STM32CubeIDE/plugins/com.st.stm32cube.ide.mcu.externaltools.gnu-tools-for-stm32.13.3.rel1.win32_1.0.0.202411081344/tools/bin/../lib/gcc/arm-none-eabi/13.3.1/thumb/v7e-m+fp/hard\libgcc.a
LOAD D:/ST/STM32CubeIDE_1.18.1/STM32CubeIDE/plugins/com.st.stm32cube.ide.mcu.externaltools.gnu-tools-for-stm32.13.3.rel1.win32_1.0.0.202411081344/tools/bin/../lib/gcc/arm-none-eabi/13.3.1/../../../../arm-none-eabi/lib/thumb/v7e-m+fp/hard\libc_nano.a
LOAD D:/ST/STM32CubeIDE_1.18.1/STM32CubeIDE/plugins/com.st.stm32cube.ide.mcu.externaltools.gnu-tools-for-stm32.13.3.rel1.win32_1.0.0.202411081344/tools/bin/../lib/gcc/arm-none-eabi/13.3.1/../../../../arm-none-eabi/lib/thumb/v7e-m+fp/hard\libnosys.a
END GROUP
LOAD D:/ST/STM32CubeIDE_1.18.1/STM32CubeIDE/plugins/com.st.stm32cube.ide.mcu.externaltools.gnu-tools-for-stm32.13.3.rel1.win32_1.0.0.202411081344/tools/bin/../lib/gcc/arm-none-eabi/13.3.1/thumb/v7e-m+fp/hard/crtend.o
LOAD D:/ST/STM32CubeIDE_1.18.1/STM32CubeIDE/plugins/com.st.stm32cube.ide.mcu.externaltools.gnu-tools-for-stm32.13.3.rel1.win32_1.0.0.202411081344/tools/bin/../lib/gcc/arm-none-eabi/13.3.1/thumb/v7e-m+fp/hard/crtn.o
                0x20010000                        _estack = (ORIGIN (RAM) + LENGTH (RAM))
                0x00000200                        _Min_Heap_Size = 0x200
                0x00000400                        _Min_Stack_Size = 0x400

.isr_vector     0x08000000      0x194
                0x08000000                        . = ALIGN (0x4)
 *(.isr_vector)
 .isr_vector    0x08000000      0x194 ./Core/Startup/startup_stm32f303retx.o
                0x08000000                g_pfnVectors
                0x08000194                        . = ALIGN (0x4)

.text           0x080001a0     0x64d8
                0x080001a0                        . = ALIGN (0x4)
 *(.text)
 .text          0x080001a0       0x40 D:/ST/STM32CubeIDE_1.18.1/STM32CubeIDE/plugins/com.st.stm32cube.ide.mcu.externaltools.gnu-tools-for-stm32.13.3.rel1.win32_1.0.0.202411081344/tools/bin/../lib/gcc/arm-none-eabi/13.3.1/thumb/v7e-m+fp/hard/crtbegin.o
 .text          0x080001e0       0x22 ./Core/Src/asm.o
                0x080001e0                coast_asm_delay
 *fill*         0x08000202        0xe 
 .text          0x08000210       0xa0 D:/ST/STM32CubeIDE_1.18.1/STM32CubeIDE/plugins/com.st.stm32cube.ide.mcu.externaltools.gnu-tools-for-stm32.13.3.rel1.win32_1.0.0.202411081344/tools/bin/../lib/gcc/arm-none-eabi/13.3.1/../../../../arm-none-eabi/lib/thumb/v7e-m+fp/hard\libc_nano.a(libc_a-memchr.o)
                0x08000210                memchr
 *(.text*)
 .text.generate_sound
                0x080002b0       0x70 ./Core/Src/buzzer.o
                0x080002b0                generate_sound
 .text.stop_sound
                0x08000320       0x24 ./Core/Src/buzzer.o
                0x08000320                stop_sound
 .text.homePage
                0x08000344       0x54 ./Core/Src/coast.o
                0x08000344                homePage
 .text.OPTpage  0x08000398       0x34 ./Core/Src/coast.o
                0x08000398                OPTpage
 .text.coast_lcd_init
                0x080003cc       0x60 ./Core/Src/lcd.o
                0x080003cc                coast_lcd_init
 .text.LCD_Pulse
                0x0800042c       0x2c ./Core/Src/lcd.o
                0x0800042c                LCD_Pulse
 .text.LCD_PutNibble
                0x08000458       0xa4 ./Core/Src/lcd.o
                0x08000458                LCD_PutNibble
 .text.LCD_SendCmd
                0x080004fc       0x2e ./Core/Src/lcd.o
                0x080004fc                LCD_SendCmd
 .text.LCD_SendData
                0x0800052a       0x4a ./Core/Src/lcd.o
                0x0800052a                LCD_SendData
 .text.LCD_SendStr
                0x08000574       0x44 ./Core/Src/lcd.o
                0x08000574                LCD_SendStr
 .text.HAL_GPIO_EXTI_Callback
                0x080005b8      0x63c ./Core/Src/main.o
                0x080005b8                HAL_GPIO_EXTI_Callback
 .text.HAL_TIM_PeriodElapsedCallback
                0x08000bf4       0x68 ./Core/Src/main.o
                0x08000bf4                HAL_TIM_PeriodElapsedCallback
 .text.main     0x08000c5c      0x13c ./Core/Src/main.o
                0x08000c5c                main
 .text.SystemClock_Config
                0x08000d98       0xca ./Core/Src/main.o
                0x08000d98                SystemClock_Config
 *fill*         0x08000e62        0x2 
 .text.MX_RTC_Init
                0x08000e64      0x118 ./Core/Src/main.o
 .text.MX_TIM1_Init
                0x08000f7c      0x174 ./Core/Src/main.o
 .text.MX_TIM6_Init
                0x080010f0       0x70 ./Core/Src/main.o
 .text.MX_TIM7_Init
                0x08001160       0x6c ./Core/Src/main.o
 .text.MX_GPIO_Init
                0x080011cc      0x220 ./Core/Src/main.o
 .text.system_clock_setup
                0x080013ec       0xce ./Core/Src/main.o
 .text.Error_Handler
                0x080014ba        0xc ./Core/Src/main.o
                0x080014ba                Error_Handler
 *fill*         0x080014c6        0x2 
 .text.settingsPage
                0x080014c8       0x8c ./Core/Src/options.o
                0x080014c8                settingsPage
 .text.switchLedBar
                0x08001554       0x74 ./Core/Src/options.o
 .text.flash_on
                0x080015c8       0x4c ./Core/Src/options.o
                0x080015c8                flash_on
 .text.flash_off
                0x08001614       0x48 ./Core/Src/options.o
                0x08001614                flash_off
 .text.flash_state
                0x0800165c       0x20 ./Core/Src/options.o
                0x0800165c                flash_state
 .text.HAL_MspInit
                0x0800167c       0x48 ./Core/Src/stm32f3xx_hal_msp.o
                0x0800167c                HAL_MspInit
 .text.HAL_RTC_MspInit
                0x080016c4       0x4c ./Core/Src/stm32f3xx_hal_msp.o
                0x080016c4                HAL_RTC_MspInit
 .text.HAL_TIM_Base_MspInit
                0x08001710       0xac ./Core/Src/stm32f3xx_hal_msp.o
                0x08001710                HAL_TIM_Base_MspInit
 .text.HAL_TIM_MspPostInit
                0x080017bc       0x70 ./Core/Src/stm32f3xx_hal_msp.o
                0x080017bc                HAL_TIM_MspPostInit
 .text.NMI_Handler
                0x0800182c        0x8 ./Core/Src/stm32f3xx_it.o
                0x0800182c                NMI_Handler
 .text.HardFault_Handler
                0x08001834        0x8 ./Core/Src/stm32f3xx_it.o
                0x08001834                HardFault_Handler
 .text.MemManage_Handler
                0x0800183c        0x8 ./Core/Src/stm32f3xx_it.o
                0x0800183c                MemManage_Handler
 .text.BusFault_Handler
                0x08001844        0x8 ./Core/Src/stm32f3xx_it.o
                0x08001844                BusFault_Handler
 .text.UsageFault_Handler
                0x0800184c        0x8 ./Core/Src/stm32f3xx_it.o
                0x0800184c                UsageFault_Handler
 .text.SVC_Handler
                0x08001854        0xe ./Core/Src/stm32f3xx_it.o
                0x08001854                SVC_Handler
 .text.DebugMon_Handler
                0x08001862        0xe ./Core/Src/stm32f3xx_it.o
                0x08001862                DebugMon_Handler
 .text.PendSV_Handler
                0x08001870        0xe ./Core/Src/stm32f3xx_it.o
                0x08001870                PendSV_Handler
 .text.SysTick_Handler
                0x0800187e        0xc ./Core/Src/stm32f3xx_it.o
                0x0800187e                SysTick_Handler
 .text.EXTI0_IRQHandler
                0x0800188a        0xe ./Core/Src/stm32f3xx_it.o
                0x0800188a                EXTI0_IRQHandler
 .text.EXTI1_IRQHandler
                0x08001898        0xe ./Core/Src/stm32f3xx_it.o
                0x08001898                EXTI1_IRQHandler
 .text.EXTI4_IRQHandler
                0x080018a6        0xe ./Core/Src/stm32f3xx_it.o
                0x080018a6                EXTI4_IRQHandler
 .text.EXTI15_10_IRQHandler
                0x080018b4       0x10 ./Core/Src/stm32f3xx_it.o
                0x080018b4                EXTI15_10_IRQHandler
 .text.TIM6_DAC_IRQHandler
                0x080018c4       0x14 ./Core/Src/stm32f3xx_it.o
                0x080018c4                TIM6_DAC_IRQHandler
 .text.TIM7_IRQHandler
                0x080018d8       0x14 ./Core/Src/stm32f3xx_it.o
                0x080018d8                TIM7_IRQHandler
 .text._sbrk    0x080018ec       0x6c ./Core/Src/sysmem.o
                0x080018ec                _sbrk
 .text.SystemInit
                0x08001958       0x24 ./Core/Src/system_stm32f3xx.o
                0x08001958                SystemInit
 .text.timePage
                0x0800197c       0xac ./Core/Src/time.o
                0x0800197c                timePage
 .text.updateTime
                0x08001a28       0xd4 ./Core/Src/time.o
                0x08001a28                updateTime
 .text.alarmPage
                0x08001afc       0x60 ./Core/Src/time.o
                0x08001afc                alarmPage
 .text.switchTimeFormat
                0x08001b5c       0x3c ./Core/Src/time.o
                0x08001b5c                switchTimeFormat
 .text.switchAMPM
                0x08001b98       0x6c ./Core/Src/time.o
                0x08001b98                switchAMPM
 .text.changeAlarmHour
                0x08001c04       0x60 ./Core/Src/time.o
                0x08001c04                changeAlarmHour
 .text.changeAlarmMin
                0x08001c64       0x30 ./Core/Src/time.o
                0x08001c64                changeAlarmMin
 .text.write_phase
                0x08001c94       0xf4 ./Core/Src/vibration.o
 .text.vibration_call
                0x08001d88       0x40 ./Core/Src/vibration.o
                0x08001d88                vibration_call
 .text.vibration_stop
                0x08001dc8       0x48 ./Core/Src/vibration.o
                0x08001dc8                vibration_stop
 .text.vibration_tick_1ms
                0x08001e10       0x7c ./Core/Src/vibration.o
                0x08001e10                vibration_tick_1ms
 .text.Reset_Handler
                0x08001e8c       0x50 ./Core/Startup/startup_stm32f303retx.o
                0x08001e8c                Reset_Handler
 .text.Default_Handler
                0x08001edc        0x2 ./Core/Startup/startup_stm32f303retx.o
                0x08001edc                RTC_Alarm_IRQHandler
                0x08001edc                TIM8_TRG_COM_IRQHandler
                0x08001edc                TIM8_CC_IRQHandler
                0x08001edc                SPI4_IRQHandler
                0x08001edc                TIM1_CC_IRQHandler
                0x08001edc                USB_HP_IRQHandler
                0x08001edc                PVD_IRQHandler
                0x08001edc                TAMP_STAMP_IRQHandler
                0x08001edc                EXTI3_IRQHandler
                0x08001edc                I2C3_ER_IRQHandler
                0x08001edc                USB_HP_CAN_TX_IRQHandler
                0x08001edc                I2C2_EV_IRQHandler
                0x08001edc                FPU_IRQHandler
                0x08001edc                TIM1_UP_TIM16_IRQHandler
                0x08001edc                ADC1_2_IRQHandler
                0x08001edc                SPI1_IRQHandler
                0x08001edc                CAN_SCE_IRQHandler
                0x08001edc                TIM8_UP_IRQHandler
                0x08001edc                DMA2_Channel2_IRQHandler
                0x08001edc                DMA1_Channel4_IRQHandler
                0x08001edc                TIM20_TRG_COM_IRQHandler
                0x08001edc                USART3_IRQHandler
                0x08001edc                DMA1_Channel7_IRQHandler
                0x08001edc                UART5_IRQHandler
                0x08001edc                ADC3_IRQHandler
                0x08001edc                TIM4_IRQHandler
                0x08001edc                CAN_RX1_IRQHandler
                0x08001edc                DMA2_Channel1_IRQHandler
                0x08001edc                I2C1_EV_IRQHandler
                0x08001edc                DMA1_Channel6_IRQHandler
                0x08001edc                UART4_IRQHandler
                0x08001edc                DMA2_Channel4_IRQHandler
                0x08001edc                TIM3_IRQHandler
                0x08001edc                RCC_IRQHandler
                0x08001edc                TIM20_UP_IRQHandler
                0x08001edc                DMA1_Channel1_IRQHandler
                0x08001edc                Default_Handler
                0x08001edc                USBWakeUp_RMP_IRQHandler
                0x08001edc                I2C3_EV_IRQHandler
                0x08001edc                EXTI9_5_IRQHandler
                0x08001edc                RTC_WKUP_IRQHandler
                0x08001edc                SPI2_IRQHandler
                0x08001edc                USB_LP_CAN_RX0_IRQHandler
                0x08001edc                DMA2_Channel5_IRQHandler
                0x08001edc                DMA1_Channel5_IRQHandler
                0x08001edc                USB_LP_IRQHandler
                0x08001edc                TIM1_TRG_COM_TIM17_IRQHandler
                0x08001edc                DMA1_Channel3_IRQHandler
                0x08001edc                ADC4_IRQHandler
                0x08001edc                WWDG_IRQHandler
                0x08001edc                TIM2_IRQHandler
                0x08001edc                COMP7_IRQHandler
                0x08001edc                COMP1_2_3_IRQHandler
                0x08001edc                USART2_IRQHandler
                0x08001edc                COMP4_5_6_IRQHandler
                0x08001edc                TIM20_BRK_IRQHandler
                0x08001edc                I2C2_ER_IRQHandler
                0x08001edc                DMA1_Channel2_IRQHandler
                0x08001edc                TIM8_BRK_IRQHandler
                0x08001edc                FLASH_IRQHandler
                0x08001edc                TIM20_CC_IRQHandler
                0x08001edc                USART1_IRQHandler
                0x08001edc                SPI3_IRQHandler
                0x08001edc                I2C1_ER_IRQHandler
                0x08001edc                FMC_IRQHandler
                0x08001edc                USBWakeUp_IRQHandler
                0x08001edc                DMA2_Channel3_IRQHandler
                0x08001edc                EXTI2_TSC_IRQHandler
                0x08001edc                TIM1_BRK_TIM15_IRQHandler
 *fill*         0x08001ede        0x2 
 .text.HAL_Init
                0x08001ee0       0x2c ./Drivers/STM32F3xx_HAL_Driver/Src/stm32f3xx_hal.o
                0x08001ee0                HAL_Init
 .text.HAL_InitTick
                0x08001f0c       0x60 ./Drivers/STM32F3xx_HAL_Driver/Src/stm32f3xx_hal.o
                0x08001f0c                HAL_InitTick
 .text.HAL_IncTick
                0x08001f6c       0x28 ./Drivers/STM32F3xx_HAL_Driver/Src/stm32f3xx_hal.o
                0x08001f6c                HAL_IncTick
 .text.HAL_GetTick
                0x08001f94       0x18 ./Drivers/STM32F3xx_HAL_Driver/Src/stm32f3xx_hal.o
                0x08001f94                HAL_GetTick
 .text.HAL_Delay
                0x08001fac       0x48 ./Drivers/STM32F3xx_HAL_Driver/Src/stm32f3xx_hal.o
                0x08001fac                HAL_Delay
 .text.__NVIC_SetPriorityGrouping
                0x08001ff4       0x48 ./Drivers/STM32F3xx_HAL_Driver/Src/stm32f3xx_hal_cortex.o
 .text.__NVIC_GetPriorityGrouping
                0x0800203c       0x1c ./Drivers/STM32F3xx_HAL_Driver/Src/stm32f3xx_hal_cortex.o
 .text.__NVIC_EnableIRQ
                0x08002058       0x3c ./Drivers/STM32F3xx_HAL_Driver/Src/stm32f3xx_hal_cortex.o
 .text.__NVIC_SetPriority
                0x08002094       0x54 ./Drivers/STM32F3xx_HAL_Driver/Src/stm32f3xx_hal_cortex.o
 .text.NVIC_EncodePriority
                0x080020e8       0x66 ./Drivers/STM32F3xx_HAL_Driver/Src/stm32f3xx_hal_cortex.o
 *fill*         0x0800214e        0x2 
 .text.SysTick_Config
                0x08002150       0x44 ./Drivers/STM32F3xx_HAL_Driver/Src/stm32f3xx_hal_cortex.o
 .text.HAL_NVIC_SetPriorityGrouping
                0x08002194       0x16 ./Drivers/STM32F3xx_HAL_Driver/Src/stm32f3xx_hal_cortex.o
                0x08002194                HAL_NVIC_SetPriorityGrouping
 .text.HAL_NVIC_SetPriority
                0x080021aa       0x38 ./Drivers/STM32F3xx_HAL_Driver/Src/stm32f3xx_hal_cortex.o
                0x080021aa                HAL_NVIC_SetPriority
 .text.HAL_NVIC_EnableIRQ
                0x080021e2       0x1c ./Drivers/STM32F3xx_HAL_Driver/Src/stm32f3xx_hal_cortex.o
                0x080021e2                HAL_NVIC_EnableIRQ
 .text.HAL_SYSTICK_Config
                0x080021fe       0x18 ./Drivers/STM32F3xx_HAL_Driver/Src/stm32f3xx_hal_cortex.o
                0x080021fe                HAL_SYSTICK_Config
 *fill*         0x08002216        0x2 
 .text.HAL_GPIO_Init
                0x08002218      0x314 ./Drivers/STM32F3xx_HAL_Driver/Src/stm32f3xx_hal_gpio.o
                0x08002218                HAL_GPIO_Init
 .text.HAL_GPIO_ReadPin
                0x0800252c       0x30 ./Drivers/STM32F3xx_HAL_Driver/Src/stm32f3xx_hal_gpio.o
                0x0800252c                HAL_GPIO_ReadPin
 .text.HAL_GPIO_WritePin
                0x0800255c       0x30 ./Drivers/STM32F3xx_HAL_Driver/Src/stm32f3xx_hal_gpio.o
                0x0800255c                HAL_GPIO_WritePin
 .text.HAL_GPIO_EXTI_IRQHandler
                0x0800258c       0x30 ./Drivers/STM32F3xx_HAL_Driver/Src/stm32f3xx_hal_gpio.o
                0x0800258c                HAL_GPIO_EXTI_IRQHandler
 .text.HAL_RCC_OscConfig
                0x080025bc     0x1048 ./Drivers/STM32F3xx_HAL_Driver/Src/stm32f3xx_hal_rcc.o
                0x080025bc                HAL_RCC_OscConfig
 .text.HAL_RCC_ClockConfig
                0x08003604      0x2dc ./Drivers/STM32F3xx_HAL_Driver/Src/stm32f3xx_hal_rcc.o
                0x08003604                HAL_RCC_ClockConfig
 .text.HAL_RCC_GetSysClockFreq
                0x080038e0       0xa8 ./Drivers/STM32F3xx_HAL_Driver/Src/stm32f3xx_hal_rcc.o
                0x080038e0                HAL_RCC_GetSysClockFreq
 .text.HAL_RCCEx_PeriphCLKConfig
                0x08003988      0x438 ./Drivers/STM32F3xx_HAL_Driver/Src/stm32f3xx_hal_rcc_ex.o
                0x08003988                HAL_RCCEx_PeriphCLKConfig
 .text.HAL_RTC_Init
                0x08003dc0      0x106 ./Drivers/STM32F3xx_HAL_Driver/Src/stm32f3xx_hal_rtc.o
                0x08003dc0                HAL_RTC_Init
 .text.HAL_RTC_SetTime
                0x08003ec6      0x134 ./Drivers/STM32F3xx_HAL_Driver/Src/stm32f3xx_hal_rtc.o
                0x08003ec6                HAL_RTC_SetTime
 .text.HAL_RTC_GetTime
                0x08003ffa       0xbc ./Drivers/STM32F3xx_HAL_Driver/Src/stm32f3xx_hal_rtc.o
                0x08003ffa                HAL_RTC_GetTime
 .text.HAL_RTC_SetDate
                0x080040b6      0x108 ./Drivers/STM32F3xx_HAL_Driver/Src/stm32f3xx_hal_rtc.o
                0x080040b6                HAL_RTC_SetDate
 .text.HAL_RTC_GetDate
                0x080041be       0x9e ./Drivers/STM32F3xx_HAL_Driver/Src/stm32f3xx_hal_rtc.o
                0x080041be                HAL_RTC_GetDate
 .text.HAL_RTC_SetAlarm
                0x0800425c      0x254 ./Drivers/STM32F3xx_HAL_Driver/Src/stm32f3xx_hal_rtc.o
                0x0800425c                HAL_RTC_SetAlarm
 .text.HAL_RTC_WaitForSynchro
                0x080044b0       0x4c ./Drivers/STM32F3xx_HAL_Driver/Src/stm32f3xx_hal_rtc.o
                0x080044b0                HAL_RTC_WaitForSynchro
 .text.RTC_EnterInitMode
                0x080044fc       0x6e ./Drivers/STM32F3xx_HAL_Driver/Src/stm32f3xx_hal_rtc.o
                0x080044fc                RTC_EnterInitMode
 .text.RTC_ExitInitMode
                0x0800456a       0x4a ./Drivers/STM32F3xx_HAL_Driver/Src/stm32f3xx_hal_rtc.o
                0x0800456a                RTC_ExitInitMode
 .text.RTC_ByteToBcd2
                0x080045b4       0x3c ./Drivers/STM32F3xx_HAL_Driver/Src/stm32f3xx_hal_rtc.o
                0x080045b4                RTC_ByteToBcd2
 .text.RTC_Bcd2ToByte
                0x080045f0       0x3c ./Drivers/STM32F3xx_HAL_Driver/Src/stm32f3xx_hal_rtc.o
                0x080045f0                RTC_Bcd2ToByte
 .text.HAL_TIM_Base_Init
                0x0800462c       0xae ./Drivers/STM32F3xx_HAL_Driver/Src/stm32f3xx_hal_tim.o
                0x0800462c                HAL_TIM_Base_Init
 *fill*         0x080046da        0x2 
 .text.HAL_TIM_Base_Start_IT
                0x080046dc       0xe0 ./Drivers/STM32F3xx_HAL_Driver/Src/stm32f3xx_hal_tim.o
                0x080046dc                HAL_TIM_Base_Start_IT
 .text.HAL_TIM_PWM_Init
                0x080047bc       0xae ./Drivers/STM32F3xx_HAL_Driver/Src/stm32f3xx_hal_tim.o
                0x080047bc                HAL_TIM_PWM_Init
 .text.HAL_TIM_PWM_MspInit
                0x0800486a       0x14 ./Drivers/STM32F3xx_HAL_Driver/Src/stm32f3xx_hal_tim.o
                0x0800486a                HAL_TIM_PWM_MspInit
 *fill*         0x0800487e        0x2 
 .text.HAL_TIM_PWM_Start
                0x08004880      0x218 ./Drivers/STM32F3xx_HAL_Driver/Src/stm32f3xx_hal_tim.o
                0x08004880                HAL_TIM_PWM_Start
 .text.HAL_TIM_PWM_Stop
                0x08004a98      0x138 ./Drivers/STM32F3xx_HAL_Driver/Src/stm32f3xx_hal_tim.o
                0x08004a98                HAL_TIM_PWM_Stop
 .text.HAL_TIM_IRQHandler
                0x08004bd0      0x204 ./Drivers/STM32F3xx_HAL_Driver/Src/stm32f3xx_hal_tim.o
                0x08004bd0                HAL_TIM_IRQHandler
 .text.HAL_TIM_PWM_ConfigChannel
                0x08004dd4      0x228 ./Drivers/STM32F3xx_HAL_Driver/Src/stm32f3xx_hal_tim.o
                0x08004dd4                HAL_TIM_PWM_ConfigChannel
 .text.HAL_TIM_ConfigClockSource
                0x08004ffc      0x192 ./Drivers/STM32F3xx_HAL_Driver/Src/stm32f3xx_hal_tim.o
                0x08004ffc                HAL_TIM_ConfigClockSource
 .text.HAL_TIM_OC_DelayElapsedCallback
                0x0800518e       0x14 ./Drivers/STM32F3xx_HAL_Driver/Src/stm32f3xx_hal_tim.o
                0x0800518e                HAL_TIM_OC_DelayElapsedCallback
 .text.HAL_TIM_IC_CaptureCallback
                0x080051a2       0x14 ./Drivers/STM32F3xx_HAL_Driver/Src/stm32f3xx_hal_tim.o
                0x080051a2                HAL_TIM_IC_CaptureCallback
 .text.HAL_TIM_PWM_PulseFinishedCallback
                0x080051b6       0x14 ./Drivers/STM32F3xx_HAL_Driver/Src/stm32f3xx_hal_tim.o
                0x080051b6                HAL_TIM_PWM_PulseFinishedCallback
 .text.HAL_TIM_TriggerCallback
                0x080051ca       0x14 ./Drivers/STM32F3xx_HAL_Driver/Src/stm32f3xx_hal_tim.o
                0x080051ca                HAL_TIM_TriggerCallback
 *fill*         0x080051de        0x2 
 .text.TIM_Base_SetConfig
                0x080051e0      0x154 ./Drivers/STM32F3xx_HAL_Driver/Src/stm32f3xx_hal_tim.o
                0x080051e0                TIM_Base_SetConfig
 .text.TIM_OC1_SetConfig
                0x08005334      0x134 ./Drivers/STM32F3xx_HAL_Driver/Src/stm32f3xx_hal_tim.o
 .text.TIM_OC2_SetConfig
                0x08005468      0x128 ./Drivers/STM32F3xx_HAL_Driver/Src/stm32f3xx_hal_tim.o
                0x08005468                TIM_OC2_SetConfig
 .text.TIM_OC3_SetConfig
                0x08005590      0x124 ./Drivers/STM32F3xx_HAL_Driver/Src/stm32f3xx_hal_tim.o
 .text.TIM_OC4_SetConfig
                0x080056b4       0xe0 ./Drivers/STM32F3xx_HAL_Driver/Src/stm32f3xx_hal_tim.o
 .text.TIM_OC5_SetConfig
                0x08005794       0xd4 ./Drivers/STM32F3xx_HAL_Driver/Src/stm32f3xx_hal_tim.o
 .text.TIM_OC6_SetConfig
                0x08005868       0xd8 ./Drivers/STM32F3xx_HAL_Driver/Src/stm32f3xx_hal_tim.o
 .text.TIM_TI1_ConfigInputStage
                0x08005940       0x5e ./Drivers/STM32F3xx_HAL_Driver/Src/stm32f3xx_hal_tim.o
 .text.TIM_TI2_ConfigInputStage
                0x0800599e       0x60 ./Drivers/STM32F3xx_HAL_Driver/Src/stm32f3xx_hal_tim.o
 .text.TIM_ITRx_SetConfig
                0x080059fe       0x36 ./Drivers/STM32F3xx_HAL_Driver/Src/stm32f3xx_hal_tim.o
 .text.TIM_ETR_SetConfig
                0x08005a34       0x40 ./Drivers/STM32F3xx_HAL_Driver/Src/stm32f3xx_hal_tim.o
                0x08005a34                TIM_ETR_SetConfig
 .text.TIM_CCxChannelCmd
                0x08005a74       0x4a ./Drivers/STM32F3xx_HAL_Driver/Src/stm32f3xx_hal_tim.o
                0x08005a74                TIM_CCxChannelCmd
 *fill*         0x08005abe        0x2 
 .text.HAL_TIMEx_MasterConfigSynchronization
                0x08005ac0      0x118 ./Drivers/STM32F3xx_HAL_Driver/Src/stm32f3xx_hal_tim_ex.o
                0x08005ac0                HAL_TIMEx_MasterConfigSynchronization
 .text.HAL_TIMEx_ConfigBreakDeadTime
                0x08005bd8      0x10c ./Drivers/STM32F3xx_HAL_Driver/Src/stm32f3xx_hal_tim_ex.o
                0x08005bd8                HAL_TIMEx_ConfigBreakDeadTime
 .text.HAL_TIMEx_CommutCallback
                0x08005ce4       0x14 ./Drivers/STM32F3xx_HAL_Driver/Src/stm32f3xx_hal_tim_ex.o
                0x08005ce4                HAL_TIMEx_CommutCallback
 .text.HAL_TIMEx_BreakCallback
                0x08005cf8       0x14 ./Drivers/STM32F3xx_HAL_Driver/Src/stm32f3xx_hal_tim_ex.o
                0x08005cf8                HAL_TIMEx_BreakCallback
 .text.HAL_TIMEx_Break2Callback
                0x08005d0c       0x14 ./Drivers/STM32F3xx_HAL_Driver/Src/stm32f3xx_hal_tim_ex.o
                0x08005d0c                HAL_TIMEx_Break2Callback
 .text.sprintf  0x08005d20       0x44 D:/ST/STM32CubeIDE_1.18.1/STM32CubeIDE/plugins/com.st.stm32cube.ide.mcu.externaltools.gnu-tools-for-stm32.13.3.rel1.win32_1.0.0.202411081344/tools/bin/../lib/gcc/arm-none-eabi/13.3.1/../../../../arm-none-eabi/lib/thumb/v7e-m+fp/hard\libc_nano.a(libc_a-sprintf.o)
                0x08005d20                siprintf
                0x08005d20                sprintf
 .text.memset   0x08005d64       0x10 D:/ST/STM32CubeIDE_1.18.1/STM32CubeIDE/plugins/com.st.stm32cube.ide.mcu.externaltools.gnu-tools-for-stm32.13.3.rel1.win32_1.0.0.202411081344/tools/bin/../lib/gcc/arm-none-eabi/13.3.1/../../../../arm-none-eabi/lib/thumb/v7e-m+fp/hard\libc_nano.a(libc_a-memset.o)
                0x08005d64                memset
 .text.__errno  0x08005d74        0xc D:/ST/STM32CubeIDE_1.18.1/STM32CubeIDE/plugins/com.st.stm32cube.ide.mcu.externaltools.gnu-tools-for-stm32.13.3.rel1.win32_1.0.0.202411081344/tools/bin/../lib/gcc/arm-none-eabi/13.3.1/../../../../arm-none-eabi/lib/thumb/v7e-m+fp/hard\libc_nano.a(libc_a-errno.o)
                0x08005d74                __errno
 .text.__libc_init_array
                0x08005d80       0x48 D:/ST/STM32CubeIDE_1.18.1/STM32CubeIDE/plugins/com.st.stm32cube.ide.mcu.externaltools.gnu-tools-for-stm32.13.3.rel1.win32_1.0.0.202411081344/tools/bin/../lib/gcc/arm-none-eabi/13.3.1/../../../../arm-none-eabi/lib/thumb/v7e-m+fp/hard\libc_nano.a(libc_a-init.o)
                0x08005d80                __libc_init_array
 .text.__retarget_lock_acquire_recursive
                0x08005dc8        0x2 D:/ST/STM32CubeIDE_1.18.1/STM32CubeIDE/plugins/com.st.stm32cube.ide.mcu.externaltools.gnu-tools-for-stm32.13.3.rel1.win32_1.0.0.202411081344/tools/bin/../lib/gcc/arm-none-eabi/13.3.1/../../../../arm-none-eabi/lib/thumb/v7e-m+fp/hard\libc_nano.a(libc_a-lock.o)
                0x08005dc8                __retarget_lock_acquire_recursive
 .text.__retarget_lock_release_recursive
                0x08005dca        0x2 D:/ST/STM32CubeIDE_1.18.1/STM32CubeIDE/plugins/com.st.stm32cube.ide.mcu.externaltools.gnu-tools-for-stm32.13.3.rel1.win32_1.0.0.202411081344/tools/bin/../lib/gcc/arm-none-eabi/13.3.1/../../../../arm-none-eabi/lib/thumb/v7e-m+fp/hard\libc_nano.a(libc_a-lock.o)
                0x08005dca                __retarget_lock_release_recursive
 .text.memcpy   0x08005dcc       0x1c D:/ST/STM32CubeIDE_1.18.1/STM32CubeIDE/plugins/com.st.stm32cube.ide.mcu.externaltools.gnu-tools-for-stm32.13.3.rel1.win32_1.0.0.202411081344/tools/bin/../lib/gcc/arm-none-eabi/13.3.1/../../../../arm-none-eabi/lib/thumb/v7e-m+fp/hard\libc_nano.a(libc_a-memcpy-stub.o)
                0x08005dcc                memcpy
 .text._free_r  0x08005de8       0x94 D:/ST/STM32CubeIDE_1.18.1/STM32CubeIDE/plugins/com.st.stm32cube.ide.mcu.externaltools.gnu-tools-for-stm32.13.3.rel1.win32_1.0.0.202411081344/tools/bin/../lib/gcc/arm-none-eabi/13.3.1/../../../../arm-none-eabi/lib/thumb/v7e-m+fp/hard\libc_nano.a(libc_a-freer.o)
                0x08005de8                _free_r
 .text.sbrk_aligned
                0x08005e7c       0x44 D:/ST/STM32CubeIDE_1.18.1/STM32CubeIDE/plugins/com.st.stm32cube.ide.mcu.externaltools.gnu-tools-for-stm32.13.3.rel1.win32_1.0.0.202411081344/tools/bin/../lib/gcc/arm-none-eabi/13.3.1/../../../../arm-none-eabi/lib/thumb/v7e-m+fp/hard\libc_nano.a(libc_a-mallocr.o)
 .text._malloc_r
                0x08005ec0      0x100 D:/ST/STM32CubeIDE_1.18.1/STM32CubeIDE/plugins/com.st.stm32cube.ide.mcu.externaltools.gnu-tools-for-stm32.13.3.rel1.win32_1.0.0.202411081344/tools/bin/../lib/gcc/arm-none-eabi/13.3.1/../../../../arm-none-eabi/lib/thumb/v7e-m+fp/hard\libc_nano.a(libc_a-mallocr.o)
                0x08005ec0                _malloc_r
 .text.__malloc_lock
                0x08005fc0        0xc D:/ST/STM32CubeIDE_1.18.1/STM32CubeIDE/plugins/com.st.stm32cube.ide.mcu.externaltools.gnu-tools-for-stm32.13.3.rel1.win32_1.0.0.202411081344/tools/bin/../lib/gcc/arm-none-eabi/13.3.1/../../../../arm-none-eabi/lib/thumb/v7e-m+fp/hard\libc_nano.a(libc_a-mlock.o)
                0x08005fc0                __malloc_lock
 .text.__malloc_unlock
                0x08005fcc        0xc D:/ST/STM32CubeIDE_1.18.1/STM32CubeIDE/plugins/com.st.stm32cube.ide.mcu.externaltools.gnu-tools-for-stm32.13.3.rel1.win32_1.0.0.202411081344/tools/bin/../lib/gcc/arm-none-eabi/13.3.1/../../../../arm-none-eabi/lib/thumb/v7e-m+fp/hard\libc_nano.a(libc_a-mlock.o)
                0x08005fcc                __malloc_unlock
 .text.__ssputs_r
                0x08005fd8       0xb6 D:/ST/STM32CubeIDE_1.18.1/STM32CubeIDE/plugins/com.st.stm32cube.ide.mcu.externaltools.gnu-tools-for-stm32.13.3.rel1.win32_1.0.0.202411081344/tools/bin/../lib/gcc/arm-none-eabi/13.3.1/../../../../arm-none-eabi/lib/thumb/v7e-m+fp/hard\libc_nano.a(libc_a-nano-svfprintf.o)
                0x08005fd8                __ssputs_r
 *fill*         0x0800608e        0x2 
 .text._svfprintf_r
                0x08006090      0x1f8 D:/ST/STM32CubeIDE_1.18.1/STM32CubeIDE/plugins/com.st.stm32cube.ide.mcu.externaltools.gnu-tools-for-stm32.13.3.rel1.win32_1.0.0.202411081344/tools/bin/../lib/gcc/arm-none-eabi/13.3.1/../../../../arm-none-eabi/lib/thumb/v7e-m+fp/hard\libc_nano.a(libc_a-nano-svfprintf.o)
                0x08006090                _svfiprintf_r
                0x08006090                _svfprintf_r
 .text._printf_common
                0x08006288       0xda D:/ST/STM32CubeIDE_1.18.1/STM32CubeIDE/plugins/com.st.stm32cube.ide.mcu.externaltools.gnu-tools-for-stm32.13.3.rel1.win32_1.0.0.202411081344/tools/bin/../lib/gcc/arm-none-eabi/13.3.1/../../../../arm-none-eabi/lib/thumb/v7e-m+fp/hard\libc_nano.a(libc_a-nano-vfprintf_i.o)
                0x08006288                _printf_common
 *fill*         0x08006362        0x2 
 .text._printf_i
                0x08006364      0x23c D:/ST/STM32CubeIDE_1.18.1/STM32CubeIDE/plugins/com.st.stm32cube.ide.mcu.externaltools.gnu-tools-for-stm32.13.3.rel1.win32_1.0.0.202411081344/tools/bin/../lib/gcc/arm-none-eabi/13.3.1/../../../../arm-none-eabi/lib/thumb/v7e-m+fp/hard\libc_nano.a(libc_a-nano-vfprintf_i.o)
                0x08006364                _printf_i
 .text.memmove  0x080065a0       0x34 D:/ST/STM32CubeIDE_1.18.1/STM32CubeIDE/plugins/com.st.stm32cube.ide.mcu.externaltools.gnu-tools-for-stm32.13.3.rel1.win32_1.0.0.202411081344/tools/bin/../lib/gcc/arm-none-eabi/13.3.1/../../../../arm-none-eabi/lib/thumb/v7e-m+fp/hard\libc_nano.a(libc_a-memmove.o)
                0x080065a0                memmove
 .text._sbrk_r  0x080065d4       0x20 D:/ST/STM32CubeIDE_1.18.1/STM32CubeIDE/plugins/com.st.stm32cube.ide.mcu.externaltools.gnu-tools-for-stm32.13.3.rel1.win32_1.0.0.202411081344/tools/bin/../lib/gcc/arm-none-eabi/13.3.1/../../../../arm-none-eabi/lib/thumb/v7e-m+fp/hard\libc_nano.a(libc_a-sbrkr.o)
                0x080065d4                _sbrk_r
 .text._realloc_r
                0x080065f4       0x5c D:/ST/STM32CubeIDE_1.18.1/STM32CubeIDE/plugins/com.st.stm32cube.ide.mcu.externaltools.gnu-tools-for-stm32.13.3.rel1.win32_1.0.0.202411081344/tools/bin/../lib/gcc/arm-none-eabi/13.3.1/../../../../arm-none-eabi/lib/thumb/v7e-m+fp/hard\libc_nano.a(libc_a-reallocr.o)
                0x080065f4                _realloc_r
 .text._malloc_usable_size_r
                0x08006650       0x10 D:/ST/STM32CubeIDE_1.18.1/STM32CubeIDE/plugins/com.st.stm32cube.ide.mcu.externaltools.gnu-tools-for-stm32.13.3.rel1.win32_1.0.0.202411081344/tools/bin/../lib/gcc/arm-none-eabi/13.3.1/../../../../arm-none-eabi/lib/thumb/v7e-m+fp/hard\libc_nano.a(libc_a-msizer.o)
                0x08006650                _malloc_usable_size_r
 *(.glue_7)
 .glue_7        0x08006660        0x0 linker stubs
 *(.glue_7t)
 .glue_7t       0x08006660        0x0 linker stubs
 *(.eh_frame)
 .eh_frame      0x08006660        0x0 D:/ST/STM32CubeIDE_1.18.1/STM32CubeIDE/plugins/com.st.stm32cube.ide.mcu.externaltools.gnu-tools-for-stm32.13.3.rel1.win32_1.0.0.202411081344/tools/bin/../lib/gcc/arm-none-eabi/13.3.1/thumb/v7e-m+fp/hard/crtbegin.o
 *(.init)
 .init          0x08006660        0x4 D:/ST/STM32CubeIDE_1.18.1/STM32CubeIDE/plugins/com.st.stm32cube.ide.mcu.externaltools.gnu-tools-for-stm32.13.3.rel1.win32_1.0.0.202411081344/tools/bin/../lib/gcc/arm-none-eabi/13.3.1/thumb/v7e-m+fp/hard/crti.o
                0x08006660                _init
 .init          0x08006664        0x8 D:/ST/STM32CubeIDE_1.18.1/STM32CubeIDE/plugins/com.st.stm32cube.ide.mcu.externaltools.gnu-tools-for-stm32.13.3.rel1.win32_1.0.0.202411081344/tools/bin/../lib/gcc/arm-none-eabi/13.3.1/thumb/v7e-m+fp/hard/crtn.o
 *(.fini)
 .fini          0x0800666c        0x4 D:/ST/STM32CubeIDE_1.18.1/STM32CubeIDE/plugins/com.st.stm32cube.ide.mcu.externaltools.gnu-tools-for-stm32.13.3.rel1.win32_1.0.0.202411081344/tools/bin/../lib/gcc/arm-none-eabi/13.3.1/thumb/v7e-m+fp/hard/crti.o
                0x0800666c                _fini
 .fini          0x08006670        0x8 D:/ST/STM32CubeIDE_1.18.1/STM32CubeIDE/plugins/com.st.stm32cube.ide.mcu.externaltools.gnu-tools-for-stm32.13.3.rel1.win32_1.0.0.202411081344/tools/bin/../lib/gcc/arm-none-eabi/13.3.1/thumb/v7e-m+fp/hard/crtn.o
                0x08006678                        . = ALIGN (0x4)
                0x08006678                        _etext = .

.vfp11_veneer   0x08006678        0x0
 .vfp11_veneer  0x08006678        0x0 linker stubs

.v4_bx          0x08006678        0x0
 .v4_bx         0x08006678        0x0 linker stubs

.iplt           0x08006678        0x0
 .iplt          0x08006678        0x0 D:/ST/STM32CubeIDE_1.18.1/STM32CubeIDE/plugins/com.st.stm32cube.ide.mcu.externaltools.gnu-tools-for-stm32.13.3.rel1.win32_1.0.0.202411081344/tools/bin/../lib/gcc/arm-none-eabi/13.3.1/thumb/v7e-m+fp/hard/crtbegin.o

.rodata         0x08006678      0x168
                0x08006678                        . = ALIGN (0x4)
 *(.rodata)
 .rodata        0x08006678       0x3f ./Core/Src/coast.o
 *fill*         0x080066b7        0x1 
 .rodata        0x080066b8       0x28 ./Core/Src/options.o
 .rodata        0x080066e0       0x9a ./Core/Src/time.o
 *(.rodata*)
 *fill*         0x0800677a        0x2 
 .rodata.AHBPrescTable
                0x0800677c       0x10 ./Core/Src/system_stm32f3xx.o
                0x0800677c                AHBPrescTable
 .rodata.aPLLMULFactorTable
                0x0800678c       0x10 ./Drivers/STM32F3xx_HAL_Driver/Src/stm32f3xx_hal_rcc.o
 .rodata.aPredivFactorTable
                0x0800679c       0x10 ./Drivers/STM32F3xx_HAL_Driver/Src/stm32f3xx_hal_rcc.o
 .rodata._svfprintf_r.str1.1
                0x080067ac       0x33 D:/ST/STM32CubeIDE_1.18.1/STM32CubeIDE/plugins/com.st.stm32cube.ide.mcu.externaltools.gnu-tools-for-stm32.13.3.rel1.win32_1.0.0.202411081344/tools/bin/../lib/gcc/arm-none-eabi/13.3.1/../../../../arm-none-eabi/lib/thumb/v7e-m+fp/hard\libc_nano.a(libc_a-nano-svfprintf.o)
                                 0x11 (size before relaxing)
 .rodata._printf_i.str1.1
                0x080067df       0x22 D:/ST/STM32CubeIDE_1.18.1/STM32CubeIDE/plugins/com.st.stm32cube.ide.mcu.externaltools.gnu-tools-for-stm32.13.3.rel1.win32_1.0.0.202411081344/tools/bin/../lib/gcc/arm-none-eabi/13.3.1/../../../../arm-none-eabi/lib/thumb/v7e-m+fp/hard\libc_nano.a(libc_a-nano-vfprintf_i.o)
                0x08006804                        . = ALIGN (0x4)
 *fill*         0x080067df        0x1 

.ARM.extab      0x080067e0        0x0
                0x080067e0                        . = ALIGN (0x4)
 *(.ARM.extab* .gnu.linkonce.armextab.*)
                0x080067e0                        . = ALIGN (0x4)

.ARM            0x080067e0        0x8
                0x080067e0                        . = ALIGN (0x4)
                0x080067e0                        __exidx_start = .
 *(.ARM.exidx*)
 .ARM.exidx     0x080067e0        0x8 D:/ST/STM32CubeIDE_1.18.1/STM32CubeIDE/plugins/com.st.stm32cube.ide.mcu.externaltools.gnu-tools-for-stm32.13.3.rel1.win32_1.0.0.202411081344/tools/bin/../lib/gcc/arm-none-eabi/13.3.1/../../../../arm-none-eabi/lib/thumb/v7e-m+fp/hard\libc_nano.a(libc_a-memchr.o)
                0x080067e8                        __exidx_end = .
                0x080067e8                        . = ALIGN (0x4)

.preinit_array  0x080067e8        0x0
                0x080067e8                        . = ALIGN (0x4)
                0x080067e8                        PROVIDE (__preinit_array_start = .)
 *(.preinit_array*)
                0x080067e8                        PROVIDE (__preinit_array_end = .)
                0x080067e8                        . = ALIGN (0x4)

.init_array     0x080067e8        0x4
                0x080067e8                        . = ALIGN (0x4)
                0x080067e8                        PROVIDE (__init_array_start = .)
 *(SORT_BY_NAME(.init_array.*))
 *(.init_array*)
 .init_array    0x080067e8        0x4 D:/ST/STM32CubeIDE_1.18.1/STM32CubeIDE/plugins/com.st.stm32cube.ide.mcu.externaltools.gnu-tools-for-stm32.13.3.rel1.win32_1.0.0.202411081344/tools/bin/../lib/gcc/arm-none-eabi/13.3.1/thumb/v7e-m+fp/hard/crtbegin.o
                0x080067ec                        PROVIDE (__init_array_end = .)
                0x080067ec                        . = ALIGN (0x4)

.fini_array     0x080067ec        0x4
                0x080067ec                        . = ALIGN (0x4)
                [!provide]                        PROVIDE (__fini_array_start = .)
 *(SORT_BY_NAME(.fini_array.*))
 *(.fini_array*)
 .fini_array    0x080067ec        0x4 D:/ST/STM32CubeIDE_1.18.1/STM32CubeIDE/plugins/com.st.stm32cube.ide.mcu.externaltools.gnu-tools-for-stm32.13.3.rel1.win32_1.0.0.202411081344/tools/bin/../lib/gcc/arm-none-eabi/13.3.1/thumb/v7e-m+fp/hard/crtbegin.o
                [!provide]                        PROVIDE (__fini_array_end = .)
                0x080067f0                        . = ALIGN (0x4)
                0x080067f0                        _sidata = LOADADDR (.data)

.rel.dyn        0x080067f0        0x0
 .rel.iplt      0x080067f0        0x0 D:/ST/STM32CubeIDE_1.18.1/STM32CubeIDE/plugins/com.st.stm32cube.ide.mcu.externaltools.gnu-tools-for-stm32.13.3.rel1.win32_1.0.0.202411081344/tools/bin/../lib/gcc/arm-none-eabi/13.3.1/thumb/v7e-m+fp/hard/crtbegin.o

.data           0x20000000       0x6c load address 0x080067f0
                0x20000000                        . = ALIGN (0x4)
                0x20000000                        _sdata = .
 *(.data)
 *(.data*)
 .data.double_press_interval
                0x20000000        0x4 ./Core/Src/main.o
                0x20000000                double_press_interval
 .data.holding_bound
                0x20000004        0x4 ./Core/Src/main.o
                0x20000004                holding_bound
 .data.enable_sound
                0x20000008        0x1 ./Core/Src/main.o
                0x20000008                enable_sound
 .data.enable_vibration
                0x20000009        0x1 ./Core/Src/main.o
                0x20000009                enable_vibration
 .data.currentScreen
                0x2000000a        0x1 ./Core/Src/state.o
                0x2000000a                currentScreen
 *fill*         0x2000000b        0x1 
 .data.SystemCoreClock
                0x2000000c        0x4 ./Core/Src/system_stm32f3xx.o
                0x2000000c                SystemCoreClock
 .data.is_24_hour_format
                0x20000010        0x1 ./Core/Src/time.o
                0x20000010                is_24_hour_format
 *fill*         0x20000011        0x3 
 .data.uwTickPrio
                0x20000014        0x4 ./Drivers/STM32F3xx_HAL_Driver/Src/stm32f3xx_hal.o
                0x20000014                uwTickPrio
 .data.uwTickFreq
                0x20000018        0x1 ./Drivers/STM32F3xx_HAL_Driver/Src/stm32f3xx_hal.o
                0x20000018                uwTickFreq
 *fill*         0x20000019        0x3 
 .data._impure_ptr
                0x2000001c        0x4 D:/ST/STM32CubeIDE_1.18.1/STM32CubeIDE/plugins/com.st.stm32cube.ide.mcu.externaltools.gnu-tools-for-stm32.13.3.rel1.win32_1.0.0.202411081344/tools/bin/../lib/gcc/arm-none-eabi/13.3.1/../../../../arm-none-eabi/lib/thumb/v7e-m+fp/hard\libc_nano.a(libc_a-impure.o)
                0x2000001c                _impure_ptr
 .data._impure_data
                0x20000020       0x4c D:/ST/STM32CubeIDE_1.18.1/STM32CubeIDE/plugins/com.st.stm32cube.ide.mcu.externaltools.gnu-tools-for-stm32.13.3.rel1.win32_1.0.0.202411081344/tools/bin/../lib/gcc/arm-none-eabi/13.3.1/../../../../arm-none-eabi/lib/thumb/v7e-m+fp/hard\libc_nano.a(libc_a-impure.o)
                0x20000020                _impure_data
 *(.RamFunc)
 *(.RamFunc*)
                0x2000006c                        . = ALIGN (0x4)
                0x2000006c                        _edata = .
                0x0800685c                        _siccmram = LOADADDR (.ccmram)

.igot.plt       0x2000006c        0x0 load address 0x0800685c
 .igot.plt      0x2000006c        0x0 D:/ST/STM32CubeIDE_1.18.1/STM32CubeIDE/plugins/com.st.stm32cube.ide.mcu.externaltools.gnu-tools-for-stm32.13.3.rel1.win32_1.0.0.202411081344/tools/bin/../lib/gcc/arm-none-eabi/13.3.1/thumb/v7e-m+fp/hard/crtbegin.o

.ccmram         0x10000000        0x0 load address 0x0800685c
                0x10000000                        . = ALIGN (0x4)
                0x10000000                        _sccmram = .
 *(.ccmram)
 *(.ccmram*)
                0x10000000                        . = ALIGN (0x4)
                0x10000000                        _eccmram = .
                0x10000000                        . = ALIGN (0x4)

.bss            0x2000006c      0x2e8
                0x2000006c                        _sbss = .
                0x2000006c                        __bss_start__ = _sbss
 *(.bss)
 .bss           0x2000006c       0x1c D:/ST/STM32CubeIDE_1.18.1/STM32CubeIDE/plugins/com.st.stm32cube.ide.mcu.externaltools.gnu-tools-for-stm32.13.3.rel1.win32_1.0.0.202411081344/tools/bin/../lib/gcc/arm-none-eabi/13.3.1/thumb/v7e-m+fp/hard/crtbegin.o
 *(.bss*)
 .bss.sTime     0x20000088       0x14 ./Core/Src/coast.o
                0x20000088                sTime
 .bss.sDate     0x2000009c        0x4 ./Core/Src/coast.o
                0x2000009c                sDate
 .bss.hrtc      0x200000a0       0x20 ./Core/Src/main.o
                0x200000a0                hrtc
 .bss.htim1     0x200000c0       0x4c ./Core/Src/main.o
                0x200000c0                htim1
 .bss.htim6     0x2000010c       0x4c ./Core/Src/main.o
                0x2000010c                htim6
 .bss.htim7     0x20000158       0x4c ./Core/Src/main.o
                0x20000158                htim7
 .bss.last_tick
                0x200001a4        0x4 ./Core/Src/main.o
                0x200001a4                last_tick
 .bss.seconds   0x200001a8        0x4 ./Core/Src/main.o
                0x200001a8                seconds
 .bss.period_count
                0x200001ac        0x4 ./Core/Src/main.o
                0x200001ac                period_count
 .bss.decimal_second_count
                0x200001b0        0x4 ./Core/Src/main.o
                0x200001b0                decimal_second_count
 .bss.button_double_press_time
                0x200001b4       0x10 ./Core/Src/main.o
                0x200001b4                button_double_press_time
 .bss.button_holding_time
                0x200001c4       0x10 ./Core/Src/main.o
                0x200001c4                button_holding_time
 .bss.screenNeedsRefresh
                0x200001d4        0x1 ./Core/Src/main.o
                0x200001d4                screenNeedsRefresh
 .bss.timeFormatChanged
                0x200001d5        0x1 ./Core/Src/main.o
                0x200001d5                timeFormatChanged
 *fill*         0x200001d6        0x2 
 .bss.is_single_press
                0x200001d8        0x4 ./Core/Src/main.o
                0x200001d8                is_single_press
 .bss.is_double_press
                0x200001dc        0x4 ./Core/Src/main.o
                0x200001dc                is_double_press
 .bss.is_holding
                0x200001e0        0x4 ./Core/Src/main.o
                0x200001e0                is_holding
 .bss.flash     0x200001e4        0x1 ./Core/Src/main.o
                0x200001e4                flash
 .bss.previousScreen
                0x200001e5        0x1 ./Core/Src/state.o
                0x200001e5                previousScreen
 *fill*         0x200001e6        0x2 
 .bss.__sbrk_heap_end
                0x200001e8        0x4 ./Core/Src/sysmem.o
 .bss.sAlarm    0x200001ec       0x14 ./Core/Src/time.o
                0x200001ec                sAlarm
 .bss.steps_left
                0x20000200        0x2 ./Core/Src/vibration.o
 .bss.phase     0x20000202        0x1 ./Core/Src/vibration.o
 *fill*         0x20000203        0x1 
 .bss.ms_since_last_step
                0x20000204        0x2 ./Core/Src/vibration.o
 *fill*         0x20000206        0x2 
 .bss.uwTick    0x20000208        0x4 ./Drivers/STM32F3xx_HAL_Driver/Src/stm32f3xx_hal.o
                0x20000208                uwTick
 .bss.__sf      0x2000020c      0x138 D:/ST/STM32CubeIDE_1.18.1/STM32CubeIDE/plugins/com.st.stm32cube.ide.mcu.externaltools.gnu-tools-for-stm32.13.3.rel1.win32_1.0.0.202411081344/tools/bin/../lib/gcc/arm-none-eabi/13.3.1/../../../../arm-none-eabi/lib/thumb/v7e-m+fp/hard\libc_nano.a(libc_a-findfp.o)
                0x2000020c                __sf
 .bss.errno     0x20000344        0x4 D:/ST/STM32CubeIDE_1.18.1/STM32CubeIDE/plugins/com.st.stm32cube.ide.mcu.externaltools.gnu-tools-for-stm32.13.3.rel1.win32_1.0.0.202411081344/tools/bin/../lib/gcc/arm-none-eabi/13.3.1/../../../../arm-none-eabi/lib/thumb/v7e-m+fp/hard\libc_nano.a(libc_a-reent.o)
                0x20000344                errno
 .bss.__lock___malloc_recursive_mutex
                0x20000348        0x1 D:/ST/STM32CubeIDE_1.18.1/STM32CubeIDE/plugins/com.st.stm32cube.ide.mcu.externaltools.gnu-tools-for-stm32.13.3.rel1.win32_1.0.0.202411081344/tools/bin/../lib/gcc/arm-none-eabi/13.3.1/../../../../arm-none-eabi/lib/thumb/v7e-m+fp/hard\libc_nano.a(libc_a-lock.o)
                0x20000348                __lock___malloc_recursive_mutex
 *fill*         0x20000349        0x3 
 .bss.__malloc_sbrk_start
                0x2000034c        0x4 D:/ST/STM32CubeIDE_1.18.1/STM32CubeIDE/plugins/com.st.stm32cube.ide.mcu.externaltools.gnu-tools-for-stm32.13.3.rel1.win32_1.0.0.202411081344/tools/bin/../lib/gcc/arm-none-eabi/13.3.1/../../../../arm-none-eabi/lib/thumb/v7e-m+fp/hard\libc_nano.a(libc_a-mallocr.o)
                0x2000034c                __malloc_sbrk_start
 .bss.__malloc_free_list
                0x20000350        0x4 D:/ST/STM32CubeIDE_1.18.1/STM32CubeIDE/plugins/com.st.stm32cube.ide.mcu.externaltools.gnu-tools-for-stm32.13.3.rel1.win32_1.0.0.202411081344/tools/bin/../lib/gcc/arm-none-eabi/13.3.1/../../../../arm-none-eabi/lib/thumb/v7e-m+fp/hard\libc_nano.a(libc_a-mallocr.o)
                0x20000350                __malloc_free_list
 *(COMMON)
                0x20000354                        . = ALIGN (0x4)
                0x20000354                        _ebss = .
                0x20000354                        __bss_end__ = _ebss

._user_heap_stack
                0x20000354      0x604
                0x20000358                        . = ALIGN (0x8)
 *fill*         0x20000354        0x4 
                [!provide]                        PROVIDE (end = .)
                0x20000358                        PROVIDE (_end = .)
                0x20000558                        . = (. + _Min_Heap_Size)
 *fill*         0x20000358      0x200 
                0x20000958                        . = (. + _Min_Stack_Size)
 *fill*         0x20000558      0x400 
                0x20000958                        . = ALIGN (0x8)

/DISCARD/
 libc.a(*)
 libm.a(*)
 libgcc.a(*)

.ARM.attributes
                0x00000000       0x30
 *(.ARM.attributes)
 .ARM.attributes
                0x00000000       0x22 D:/ST/STM32CubeIDE_1.18.1/STM32CubeIDE/plugins/com.st.stm32cube.ide.mcu.externaltools.gnu-tools-for-stm32.13.3.rel1.win32_1.0.0.202411081344/tools/bin/../lib/gcc/arm-none-eabi/13.3.1/thumb/v7e-m+fp/hard/crti.o
 .ARM.attributes
                0x00000022       0x34 D:/ST/STM32CubeIDE_1.18.1/STM32CubeIDE/plugins/com.st.stm32cube.ide.mcu.externaltools.gnu-tools-for-stm32.13.3.rel1.win32_1.0.0.202411081344/tools/bin/../lib/gcc/arm-none-eabi/13.3.1/thumb/v7e-m+fp/hard/crtbegin.o
 .ARM.attributes
                0x00000056       0x20 ./Core/Src/asm.o
 .ARM.attributes
                0x00000076       0x34 ./Core/Src/buzzer.o
 .ARM.attributes
                0x000000aa       0x34 ./Core/Src/coast.o
 .ARM.attributes
                0x000000de       0x34 ./Core/Src/lcd.o
 .ARM.attributes
                0x00000112       0x34 ./Core/Src/main.o
 .ARM.attributes
                0x00000146       0x34 ./Core/Src/options.o
 .ARM.attributes
                0x0000017a       0x34 ./Core/Src/state.o
 .ARM.attributes
                0x000001ae       0x34 ./Core/Src/stm32f3xx_hal_msp.o
 .ARM.attributes
                0x000001e2       0x34 ./Core/Src/stm32f3xx_it.o
 .ARM.attributes
                0x00000216       0x34 ./Core/Src/sysmem.o
 .ARM.attributes
                0x0000024a       0x34 ./Core/Src/system_stm32f3xx.o
 .ARM.attributes
                0x0000027e       0x34 ./Core/Src/time.o
 .ARM.attributes
                0x000002b2       0x34 ./Core/Src/vibration.o
 .ARM.attributes
                0x000002e6       0x21 ./Core/Startup/startup_stm32f303retx.o
 .ARM.attributes
                0x00000307       0x34 ./Drivers/STM32F3xx_HAL_Driver/Src/stm32f3xx_hal.o
 .ARM.attributes
                0x0000033b       0x34 ./Drivers/STM32F3xx_HAL_Driver/Src/stm32f3xx_hal_cortex.o
 .ARM.attributes
                0x0000036f       0x34 ./Drivers/STM32F3xx_HAL_Driver/Src/stm32f3xx_hal_gpio.o
 .ARM.attributes
                0x000003a3       0x34 ./Drivers/STM32F3xx_HAL_Driver/Src/stm32f3xx_hal_rcc.o
 .ARM.attributes
                0x000003d7       0x34 ./Drivers/STM32F3xx_HAL_Driver/Src/stm32f3xx_hal_rcc_ex.o
 .ARM.attributes
                0x0000040b       0x34 ./Drivers/STM32F3xx_HAL_Driver/Src/stm32f3xx_hal_rtc.o
 .ARM.attributes
                0x0000043f       0x34 ./Drivers/STM32F3xx_HAL_Driver/Src/stm32f3xx_hal_tim.o
 .ARM.attributes
                0x00000473       0x34 ./Drivers/STM32F3xx_HAL_Driver/Src/stm32f3xx_hal_tim_ex.o
 .ARM.attributes
                0x000004a7       0x34 D:/ST/STM32CubeIDE_1.18.1/STM32CubeIDE/plugins/com.st.stm32cube.ide.mcu.externaltools.gnu-tools-for-stm32.13.3.rel1.win32_1.0.0.202411081344/tools/bin/../lib/gcc/arm-none-eabi/13.3.1/../../../../arm-none-eabi/lib/thumb/v7e-m+fp/hard\libc_nano.a(libc_a-findfp.o)
 .ARM.attributes
                0x000004db       0x34 D:/ST/STM32CubeIDE_1.18.1/STM32CubeIDE/plugins/com.st.stm32cube.ide.mcu.externaltools.gnu-tools-for-stm32.13.3.rel1.win32_1.0.0.202411081344/tools/bin/../lib/gcc/arm-none-eabi/13.3.1/../../../../arm-none-eabi/lib/thumb/v7e-m+fp/hard\libc_nano.a(libc_a-sprintf.o)
 .ARM.attributes
                0x0000050f       0x34 D:/ST/STM32CubeIDE_1.18.1/STM32CubeIDE/plugins/com.st.stm32cube.ide.mcu.externaltools.gnu-tools-for-stm32.13.3.rel1.win32_1.0.0.202411081344/tools/bin/../lib/gcc/arm-none-eabi/13.3.1/../../../../arm-none-eabi/lib/thumb/v7e-m+fp/hard\libc_nano.a(libc_a-memset.o)
 .ARM.attributes
                0x00000543       0x34 D:/ST/STM32CubeIDE_1.18.1/STM32CubeIDE/plugins/com.st.stm32cube.ide.mcu.externaltools.gnu-tools-for-stm32.13.3.rel1.win32_1.0.0.202411081344/tools/bin/../lib/gcc/arm-none-eabi/13.3.1/../../../../arm-none-eabi/lib/thumb/v7e-m+fp/hard\libc_nano.a(libc_a-reent.o)
 .ARM.attributes
                0x00000577       0x34 D:/ST/STM32CubeIDE_1.18.1/STM32CubeIDE/plugins/com.st.stm32cube.ide.mcu.externaltools.gnu-tools-for-stm32.13.3.rel1.win32_1.0.0.202411081344/tools/bin/../lib/gcc/arm-none-eabi/13.3.1/../../../../arm-none-eabi/lib/thumb/v7e-m+fp/hard\libc_nano.a(libc_a-impure.o)
 .ARM.attributes
                0x000005ab       0x34 D:/ST/STM32CubeIDE_1.18.1/STM32CubeIDE/plugins/com.st.stm32cube.ide.mcu.externaltools.gnu-tools-for-stm32.13.3.rel1.win32_1.0.0.202411081344/tools/bin/../lib/gcc/arm-none-eabi/13.3.1/../../../../arm-none-eabi/lib/thumb/v7e-m+fp/hard\libc_nano.a(libc_a-errno.o)
 .ARM.attributes
                0x000005df       0x34 D:/ST/STM32CubeIDE_1.18.1/STM32CubeIDE/plugins/com.st.stm32cube.ide.mcu.externaltools.gnu-tools-for-stm32.13.3.rel1.win32_1.0.0.202411081344/tools/bin/../lib/gcc/arm-none-eabi/13.3.1/../../../../arm-none-eabi/lib/thumb/v7e-m+fp/hard\libc_nano.a(libc_a-init.o)
 .ARM.attributes
                0x00000613       0x34 D:/ST/STM32CubeIDE_1.18.1/STM32CubeIDE/plugins/com.st.stm32cube.ide.mcu.externaltools.gnu-tools-for-stm32.13.3.rel1.win32_1.0.0.202411081344/tools/bin/../lib/gcc/arm-none-eabi/13.3.1/../../../../arm-none-eabi/lib/thumb/v7e-m+fp/hard\libc_nano.a(libc_a-lock.o)
 .ARM.attributes
                0x00000647       0x34 D:/ST/STM32CubeIDE_1.18.1/STM32CubeIDE/plugins/com.st.stm32cube.ide.mcu.externaltools.gnu-tools-for-stm32.13.3.rel1.win32_1.0.0.202411081344/tools/bin/../lib/gcc/arm-none-eabi/13.3.1/../../../../arm-none-eabi/lib/thumb/v7e-m+fp/hard\libc_nano.a(libc_a-memcpy-stub.o)
 .ARM.attributes
                0x0000067b       0x34 D:/ST/STM32CubeIDE_1.18.1/STM32CubeIDE/plugins/com.st.stm32cube.ide.mcu.externaltools.gnu-tools-for-stm32.13.3.rel1.win32_1.0.0.202411081344/tools/bin/../lib/gcc/arm-none-eabi/13.3.1/../../../../arm-none-eabi/lib/thumb/v7e-m+fp/hard\libc_nano.a(libc_a-freer.o)
 .ARM.attributes
                0x000006af       0x34 D:/ST/STM32CubeIDE_1.18.1/STM32CubeIDE/plugins/com.st.stm32cube.ide.mcu.externaltools.gnu-tools-for-stm32.13.3.rel1.win32_1.0.0.202411081344/tools/bin/../lib/gcc/arm-none-eabi/13.3.1/../../../../arm-none-eabi/lib/thumb/v7e-m+fp/hard\libc_nano.a(libc_a-mallocr.o)
 .ARM.attributes
                0x000006e3       0x34 D:/ST/STM32CubeIDE_1.18.1/STM32CubeIDE/plugins/com.st.stm32cube.ide.mcu.externaltools.gnu-tools-for-stm32.13.3.rel1.win32_1.0.0.202411081344/tools/bin/../lib/gcc/arm-none-eabi/13.3.1/../../../../arm-none-eabi/lib/thumb/v7e-m+fp/hard\libc_nano.a(libc_a-mlock.o)
 .ARM.attributes
                0x00000717       0x34 D:/ST/STM32CubeIDE_1.18.1/STM32CubeIDE/plugins/com.st.stm32cube.ide.mcu.externaltools.gnu-tools-for-stm32.13.3.rel1.win32_1.0.0.202411081344/tools/bin/../lib/gcc/arm-none-eabi/13.3.1/../../../../arm-none-eabi/lib/thumb/v7e-m+fp/hard\libc_nano.a(libc_a-nano-svfprintf.o)
 .ARM.attributes
                0x0000074b       0x34 D:/ST/STM32CubeIDE_1.18.1/STM32CubeIDE/plugins/com.st.stm32cube.ide.mcu.externaltools.gnu-tools-for-stm32.13.3.rel1.win32_1.0.0.202411081344/tools/bin/../lib/gcc/arm-none-eabi/13.3.1/../../../../arm-none-eabi/lib/thumb/v7e-m+fp/hard\libc_nano.a(libc_a-nano-vfprintf_i.o)
 .ARM.attributes
                0x0000077f       0x34 D:/ST/STM32CubeIDE_1.18.1/STM32CubeIDE/plugins/com.st.stm32cube.ide.mcu.externaltools.gnu-tools-for-stm32.13.3.rel1.win32_1.0.0.202411081344/tools/bin/../lib/gcc/arm-none-eabi/13.3.1/../../../../arm-none-eabi/lib/thumb/v7e-m+fp/hard\libc_nano.a(libc_a-memmove.o)
 .ARM.attributes
                0x000007b3       0x34 D:/ST/STM32CubeIDE_1.18.1/STM32CubeIDE/plugins/com.st.stm32cube.ide.mcu.externaltools.gnu-tools-for-stm32.13.3.rel1.win32_1.0.0.202411081344/tools/bin/../lib/gcc/arm-none-eabi/13.3.1/../../../../arm-none-eabi/lib/thumb/v7e-m+fp/hard\libc_nano.a(libc_a-sbrkr.o)
 .ARM.attributes
                0x000007e7       0x1c D:/ST/STM32CubeIDE_1.18.1/STM32CubeIDE/plugins/com.st.stm32cube.ide.mcu.externaltools.gnu-tools-for-stm32.13.3.rel1.win32_1.0.0.202411081344/tools/bin/../lib/gcc/arm-none-eabi/13.3.1/../../../../arm-none-eabi/lib/thumb/v7e-m+fp/hard\libc_nano.a(libc_a-memchr.o)
 .ARM.attributes
                0x00000803       0x34 D:/ST/STM32CubeIDE_1.18.1/STM32CubeIDE/plugins/com.st.stm32cube.ide.mcu.externaltools.gnu-tools-for-stm32.13.3.rel1.win32_1.0.0.202411081344/tools/bin/../lib/gcc/arm-none-eabi/13.3.1/../../../../arm-none-eabi/lib/thumb/v7e-m+fp/hard\libc_nano.a(libc_a-reallocr.o)
 .ARM.attributes
                0x00000837       0x34 D:/ST/STM32CubeIDE_1.18.1/STM32CubeIDE/plugins/com.st.stm32cube.ide.mcu.externaltools.gnu-tools-for-stm32.13.3.rel1.win32_1.0.0.202411081344/tools/bin/../lib/gcc/arm-none-eabi/13.3.1/../../../../arm-none-eabi/lib/thumb/v7e-m+fp/hard\libc_nano.a(libc_a-msizer.o)
 .ARM.attributes
                0x0000086b       0x22 D:/ST/STM32CubeIDE_1.18.1/STM32CubeIDE/plugins/com.st.stm32cube.ide.mcu.externaltools.gnu-tools-for-stm32.13.3.rel1.win32_1.0.0.202411081344/tools/bin/../lib/gcc/arm-none-eabi/13.3.1/thumb/v7e-m+fp/hard/crtn.o
OUTPUT(project.elf elf32-littlearm)
LOAD linker stubs
LOAD D:/ST/STM32CubeIDE_1.18.1/STM32CubeIDE/plugins/com.st.stm32cube.ide.mcu.externaltools.gnu-tools-for-stm32.13.3.rel1.win32_1.0.0.202411081344/tools/bin/../lib/gcc/arm-none-eabi/13.3.1/../../../../arm-none-eabi/lib/thumb/v7e-m+fp/hard\libc.a
LOAD D:/ST/STM32CubeIDE_1.18.1/STM32CubeIDE/plugins/com.st.stm32cube.ide.mcu.externaltools.gnu-tools-for-stm32.13.3.rel1.win32_1.0.0.202411081344/tools/bin/../lib/gcc/arm-none-eabi/13.3.1/../../../../arm-none-eabi/lib/thumb/v7e-m+fp/hard\libm.a
LOAD D:/ST/STM32CubeIDE_1.18.1/STM32CubeIDE/plugins/com.st.stm32cube.ide.mcu.externaltools.gnu-tools-for-stm32.13.3.rel1.win32_1.0.0.202411081344/tools/bin/../lib/gcc/arm-none-eabi/13.3.1/thumb/v7e-m+fp/hard\libgcc.a

.debug_line     0x00000000    0x11e1d
 .debug_line    0x00000000       0x58 ./Core/Src/asm.o
 .debug_line    0x00000058      0x7d5 ./Core/Src/buzzer.o
 .debug_line    0x0000082d      0x8fa ./Core/Src/coast.o
 .debug_line    0x00001127      0x886 ./Core/Src/lcd.o
 .debug_line    0x000019ad      0xec8 ./Core/Src/main.o
 .debug_line    0x00002875      0x9bd ./Core/Src/options.o
 .debug_line    0x00003232      0x763 ./Core/Src/state.o
 .debug_line    0x00003995      0x8a1 ./Core/Src/stm32f3xx_hal_msp.o
 .debug_line    0x00004236      0x8bb ./Core/Src/stm32f3xx_it.o
 .debug_line    0x00004af1      0x588 ./Core/Src/sysmem.o
 .debug_line    0x00005079      0x7ee ./Core/Src/system_stm32f3xx.o
 .debug_line    0x00005867      0xa3d ./Core/Src/time.o
 .debug_line    0x000062a4      0x824 ./Core/Src/vibration.o
 .debug_line    0x00006ac8       0x7a ./Core/Startup/startup_stm32f303retx.o
 .debug_line    0x00006b42      0xa25 ./Drivers/STM32F3xx_HAL_Driver/Src/stm32f3xx_hal.o
 .debug_line    0x00007567      0xcf0 ./Drivers/STM32F3xx_HAL_Driver/Src/stm32f3xx_hal_cortex.o
 .debug_line    0x00008257      0xb98 ./Drivers/STM32F3xx_HAL_Driver/Src/stm32f3xx_hal_gpio.o
 .debug_line    0x00008def     0x159c ./Drivers/STM32F3xx_HAL_Driver/Src/stm32f3xx_hal_rcc.o
 .debug_line    0x0000a38b      0xf88 ./Drivers/STM32F3xx_HAL_Driver/Src/stm32f3xx_hal_rcc_ex.o
 .debug_line    0x0000b313     0x1198 ./Drivers/STM32F3xx_HAL_Driver/Src/stm32f3xx_hal_rtc.o
 .debug_line    0x0000c4ab     0x3edc ./Drivers/STM32F3xx_HAL_Driver/Src/stm32f3xx_hal_tim.o
 .debug_line    0x00010387     0x1a96 ./Drivers/STM32F3xx_HAL_Driver/Src/stm32f3xx_hal_tim_ex.o

.debug_line_str
                0x00000000       0x8d
 .debug_line_str
                0x00000000       0x8d ./Core/Src/asm.o
                                 0x65 (size before relaxing)
 .debug_line_str
                0x0000008d       0x7b ./Core/Startup/startup_stm32f303retx.o

.debug_info     0x00000000     0xd5db
 .debug_info    0x00000000       0x24 ./Core/Src/asm.o
 .debug_info    0x00000024      0x78c ./Core/Src/buzzer.o
 .debug_info    0x000007b0      0x22f ./Core/Src/coast.o
 .debug_info    0x000009df      0x308 ./Core/Src/lcd.o
 .debug_info    0x00000ce7     0x1c3a ./Core/Src/main.o
 .debug_info    0x00002921      0x2a2 ./Core/Src/options.o
 .debug_info    0x00002bc3       0xf2 ./Core/Src/state.o
 .debug_info    0x00002cb5      0xf80 ./Core/Src/stm32f3xx_hal_msp.o
 .debug_info    0x00003c35      0x764 ./Core/Src/stm32f3xx_it.o
 .debug_info    0x00004399      0x168 ./Core/Src/sysmem.o
 .debug_info    0x00004501      0x407 ./Core/Src/system_stm32f3xx.o
 .debug_info    0x00004908      0x7a9 ./Core/Src/time.o
 .debug_info    0x000050b1      0x254 ./Core/Src/vibration.o
 .debug_info    0x00005305       0x30 ./Core/Startup/startup_stm32f303retx.o
 .debug_info    0x00005335      0x804 ./Drivers/STM32F3xx_HAL_Driver/Src/stm32f3xx_hal.o
 .debug_info    0x00005b39      0xd14 ./Drivers/STM32F3xx_HAL_Driver/Src/stm32f3xx_hal_cortex.o
 .debug_info    0x0000684d      0x6a6 ./Drivers/STM32F3xx_HAL_Driver/Src/stm32f3xx_hal_gpio.o
 .debug_info    0x00006ef3     0x149a ./Drivers/STM32F3xx_HAL_Driver/Src/stm32f3xx_hal_rcc.o
 .debug_info    0x0000838d      0x61b ./Drivers/STM32F3xx_HAL_Driver/Src/stm32f3xx_hal_rcc_ex.o
 .debug_info    0x000089a8      0xc56 ./Drivers/STM32F3xx_HAL_Driver/Src/stm32f3xx_hal_rtc.o
 .debug_info    0x000095fe     0x2a70 ./Drivers/STM32F3xx_HAL_Driver/Src/stm32f3xx_hal_tim.o
 .debug_info    0x0000c06e     0x156d ./Drivers/STM32F3xx_HAL_Driver/Src/stm32f3xx_hal_tim_ex.o

.debug_abbrev   0x00000000     0x2567
 .debug_abbrev  0x00000000       0x14 ./Core/Src/asm.o
 .debug_abbrev  0x00000014      0x1bb ./Core/Src/buzzer.o
 .debug_abbrev  0x000001cf      0x121 ./Core/Src/coast.o
 .debug_abbrev  0x000002f0      0x155 ./Core/Src/lcd.o
 .debug_abbrev  0x00000445      0x30d ./Core/Src/main.o
 .debug_abbrev  0x00000752      0x17c ./Core/Src/options.o
 .debug_abbrev  0x000008ce       0x89 ./Core/Src/state.o
 .debug_abbrev  0x00000957      0x216 ./Core/Src/stm32f3xx_hal_msp.o
 .debug_abbrev  0x00000b6d      0x1af ./Core/Src/stm32f3xx_it.o
 .debug_abbrev  0x00000d1c       0xbc ./Core/Src/sysmem.o
 .debug_abbrev  0x00000dd8      0x11a ./Core/Src/system_stm32f3xx.o
 .debug_abbrev  0x00000ef2      0x203 ./Core/Src/time.o
 .debug_abbrev  0x000010f5      0x159 ./Core/Src/vibration.o
 .debug_abbrev  0x0000124e       0x24 ./Core/Startup/startup_stm32f303retx.o
 .debug_abbrev  0x00001272      0x215 ./Drivers/STM32F3xx_HAL_Driver/Src/stm32f3xx_hal.o
 .debug_abbrev  0x00001487      0x31e ./Drivers/STM32F3xx_HAL_Driver/Src/stm32f3xx_hal_cortex.o
 .debug_abbrev  0x000017a5      0x1ca ./Drivers/STM32F3xx_HAL_Driver/Src/stm32f3xx_hal_gpio.o
 .debug_abbrev  0x0000196f      0x300 ./Drivers/STM32F3xx_HAL_Driver/Src/stm32f3xx_hal_rcc.o
 .debug_abbrev  0x00001c6f      0x221 ./Drivers/STM32F3xx_HAL_Driver/Src/stm32f3xx_hal_rcc_ex.o
 .debug_abbrev  0x00001e90      0x1dc ./Drivers/STM32F3xx_HAL_Driver/Src/stm32f3xx_hal_rtc.o
 .debug_abbrev  0x0000206c      0x278 ./Drivers/STM32F3xx_HAL_Driver/Src/stm32f3xx_hal_tim.o
 .debug_abbrev  0x000022e4      0x283 ./Drivers/STM32F3xx_HAL_Driver/Src/stm32f3xx_hal_tim_ex.o

.debug_aranges  0x00000000      0xcc0
 .debug_aranges
                0x00000000       0x20 ./Core/Src/asm.o
 .debug_aranges
                0x00000020       0x30 ./Core/Src/buzzer.o
 .debug_aranges
                0x00000050       0x28 ./Core/Src/coast.o
 .debug_aranges
                0x00000078       0x50 ./Core/Src/lcd.o
 .debug_aranges
                0x000000c8       0x70 ./Core/Src/main.o
 .debug_aranges
                0x00000138       0x40 ./Core/Src/options.o
 .debug_aranges
                0x00000178       0x18 ./Core/Src/state.o
 .debug_aranges
                0x00000190       0x48 ./Core/Src/stm32f3xx_hal_msp.o
 .debug_aranges
                0x000001d8       0x90 ./Core/Src/stm32f3xx_it.o
 .debug_aranges
                0x00000268       0x20 ./Core/Src/sysmem.o
 .debug_aranges
                0x00000288       0x28 ./Core/Src/system_stm32f3xx.o
 .debug_aranges
                0x000002b0       0x50 ./Core/Src/time.o
 .debug_aranges
                0x00000300       0x38 ./Core/Src/vibration.o
 .debug_aranges
                0x00000338       0x28 ./Core/Startup/startup_stm32f303retx.o
 .debug_aranges
                0x00000360       0xe0 ./Drivers/STM32F3xx_HAL_Driver/Src/stm32f3xx_hal.o
 .debug_aranges
                0x00000440      0x128 ./Drivers/STM32F3xx_HAL_Driver/Src/stm32f3xx_hal_cortex.o
 .debug_aranges
                0x00000568       0x58 ./Drivers/STM32F3xx_HAL_Driver/Src/stm32f3xx_hal_gpio.o
 .debug_aranges
                0x000005c0       0x88 ./Drivers/STM32F3xx_HAL_Driver/Src/stm32f3xx_hal_rcc.o
 .debug_aranges
                0x00000648       0x38 ./Drivers/STM32F3xx_HAL_Driver/Src/stm32f3xx_hal_rcc_ex.o
 .debug_aranges
                0x00000680       0xe8 ./Drivers/STM32F3xx_HAL_Driver/Src/stm32f3xx_hal_rtc.o
 .debug_aranges
                0x00000768      0x3e0 ./Drivers/STM32F3xx_HAL_Driver/Src/stm32f3xx_hal_tim.o
 .debug_aranges
                0x00000b48      0x178 ./Drivers/STM32F3xx_HAL_Driver/Src/stm32f3xx_hal_tim_ex.o

.debug_str      0x00000000    0xcbbf5
 .debug_str     0x00000000    0xcbbf5 ./Core/Src/asm.o
                                 0x73 (size before relaxing)
 .debug_str     0x000cbbf5    0xc514f ./Core/Src/buzzer.o
 .debug_str     0x000cbbf5    0xc8435 ./Core/Src/coast.o
 .debug_str     0x000cbbf5    0xc4ca8 ./Core/Src/lcd.o
 .debug_str     0x000cbbf5    0xc6417 ./Core/Src/main.o
 .debug_str     0x000cbbf5    0xc8462 ./Core/Src/options.o
 .debug_str     0x000cbbf5    0xc4ba8 ./Core/Src/state.o
 .debug_str     0x000cbbf5    0xc58a8 ./Core/Src/stm32f3xx_hal_msp.o
 .debug_str     0x000cbbf5    0xc51bc ./Core/Src/stm32f3xx_it.o
 .debug_str     0x000cbbf5     0x7795 ./Core/Src/sysmem.o
 .debug_str     0x000cbbf5    0xc4629 ./Core/Src/system_stm32f3xx.o
 .debug_str     0x000cbbf5    0xc87be ./Core/Src/time.o
 .debug_str     0x000cbbf5    0xc4c8d ./Core/Src/vibration.o
 .debug_str     0x000cbbf5       0x97 ./Core/Startup/startup_stm32f303retx.o
 .debug_str     0x000cbbf5    0xc4ed2 ./Drivers/STM32F3xx_HAL_Driver/Src/stm32f3xx_hal.o
 .debug_str     0x000cbbf5    0xc4f56 ./Drivers/STM32F3xx_HAL_Driver/Src/stm32f3xx_hal_cortex.o
 .debug_str     0x000cbbf5    0xc480e ./Drivers/STM32F3xx_HAL_Driver/Src/stm32f3xx_hal_gpio.o
 .debug_str     0x000cbbf5    0xc4acd ./Drivers/STM32F3xx_HAL_Driver/Src/stm32f3xx_hal_rcc.o
 .debug_str     0x000cbbf5    0xc4917 ./Drivers/STM32F3xx_HAL_Driver/Src/stm32f3xx_hal_rcc_ex.o
 .debug_str     0x000cbbf5    0xc4b4b ./Drivers/STM32F3xx_HAL_Driver/Src/stm32f3xx_hal_rtc.o
 .debug_str     0x000cbbf5    0xc5a60 ./Drivers/STM32F3xx_HAL_Driver/Src/stm32f3xx_hal_tim.o
 .debug_str     0x000cbbf5    0xc52a6 ./Drivers/STM32F3xx_HAL_Driver/Src/stm32f3xx_hal_tim_ex.o

.debug_rnglists
                0x00000000      0x988
 .debug_rnglists
                0x00000000       0x1f ./Core/Src/buzzer.o
 .debug_rnglists
                0x0000001f       0x19 ./Core/Src/coast.o
 .debug_rnglists
                0x00000038       0x38 ./Core/Src/lcd.o
 .debug_rnglists
                0x00000070       0x56 ./Core/Src/main.o
 .debug_rnglists
                0x000000c6       0x2c ./Core/Src/options.o
 .debug_rnglists
                0x000000f2       0x32 ./Core/Src/stm32f3xx_hal_msp.o
 .debug_rnglists
                0x00000124       0x67 ./Core/Src/stm32f3xx_it.o
 .debug_rnglists
                0x0000018b       0x13 ./Core/Src/sysmem.o
 .debug_rnglists
                0x0000019e       0x1a ./Core/Src/system_stm32f3xx.o
 .debug_rnglists
                0x000001b8       0x39 ./Core/Src/time.o
 .debug_rnglists
                0x000001f1       0x26 ./Core/Src/vibration.o
 .debug_rnglists
                0x00000217       0x19 ./Core/Startup/startup_stm32f303retx.o
 .debug_rnglists
                0x00000230       0xa3 ./Drivers/STM32F3xx_HAL_Driver/Src/stm32f3xx_hal.o
 .debug_rnglists
                0x000002d3       0xda ./Drivers/STM32F3xx_HAL_Driver/Src/stm32f3xx_hal_cortex.o
 .debug_rnglists
                0x000003ad       0x3f ./Drivers/STM32F3xx_HAL_Driver/Src/stm32f3xx_hal_gpio.o
 .debug_rnglists
                0x000003ec       0x66 ./Drivers/STM32F3xx_HAL_Driver/Src/stm32f3xx_hal_rcc.o
 .debug_rnglists
                0x00000452       0x29 ./Drivers/STM32F3xx_HAL_Driver/Src/stm32f3xx_hal_rcc_ex.o
 .debug_rnglists
                0x0000047b       0xb4 ./Drivers/STM32F3xx_HAL_Driver/Src/stm32f3xx_hal_rtc.o
 .debug_rnglists
                0x0000052f      0x328 ./Drivers/STM32F3xx_HAL_Driver/Src/stm32f3xx_hal_tim.o
 .debug_rnglists
                0x00000857      0x131 ./Drivers/STM32F3xx_HAL_Driver/Src/stm32f3xx_hal_tim_ex.o

.debug_macro    0x00000000    0x2210f
 .debug_macro   0x00000000      0x1f4 ./Core/Src/buzzer.o
 .debug_macro   0x000001f4      0xad8 ./Core/Src/buzzer.o
 .debug_macro   0x00000ccc      0x15e ./Core/Src/buzzer.o
 .debug_macro   0x00000e2a       0x2e ./Core/Src/buzzer.o
 .debug_macro   0x00000e58       0x28 ./Core/Src/buzzer.o
 .debug_macro   0x00000e80       0x22 ./Core/Src/buzzer.o
 .debug_macro   0x00000ea2       0x8e ./Core/Src/buzzer.o
 .debug_macro   0x00000f30       0x51 ./Core/Src/buzzer.o
 .debug_macro   0x00000f81      0x103 ./Core/Src/buzzer.o
 .debug_macro   0x00001084       0x6a ./Core/Src/buzzer.o
 .debug_macro   0x000010ee      0x1df ./Core/Src/buzzer.o
 .debug_macro   0x000012cd       0x1c ./Core/Src/buzzer.o
 .debug_macro   0x000012e9       0x22 ./Core/Src/buzzer.o
 .debug_macro   0x0000130b       0xd9 ./Core/Src/buzzer.o
 .debug_macro   0x000013e4     0x102d ./Core/Src/buzzer.o
 .debug_macro   0x00002411      0x11f ./Core/Src/buzzer.o
 .debug_macro   0x00002530    0x1535a ./Core/Src/buzzer.o
 .debug_macro   0x0001788a       0x6d ./Core/Src/buzzer.o
 .debug_macro   0x000178f7     0x3574 ./Core/Src/buzzer.o
 .debug_macro   0x0001ae6b      0x190 ./Core/Src/buzzer.o
 .debug_macro   0x0001affb       0x55 ./Core/Src/buzzer.o
 .debug_macro   0x0001b050      0x953 ./Core/Src/buzzer.o
 .debug_macro   0x0001b9a3      0x84a ./Core/Src/buzzer.o
 .debug_macro   0x0001c1ed      0x1b5 ./Core/Src/buzzer.o
 .debug_macro   0x0001c3a2      0x23a ./Core/Src/buzzer.o
 .debug_macro   0x0001c5dc      0x1ea ./Core/Src/buzzer.o
 .debug_macro   0x0001c7c6      0x1bc ./Core/Src/buzzer.o
 .debug_macro   0x0001c982       0x30 ./Core/Src/buzzer.o
 .debug_macro   0x0001c9b2       0x3c ./Core/Src/buzzer.o
 .debug_macro   0x0001c9ee      0x235 ./Core/Src/buzzer.o
 .debug_macro   0x0001cc23       0xc5 ./Core/Src/buzzer.o
 .debug_macro   0x0001cce8      0x21d ./Core/Src/buzzer.o
 .debug_macro   0x0001cf05      0x22c ./Core/Src/buzzer.o
 .debug_macro   0x0001d131       0x5b ./Core/Src/buzzer.o
 .debug_macro   0x0001d18c       0xa5 ./Core/Src/buzzer.o
 .debug_macro   0x0001d231       0x81 ./Core/Src/buzzer.o
 .debug_macro   0x0001d2b2       0xd3 ./Core/Src/buzzer.o
 .debug_macro   0x0001d385      0x313 ./Core/Src/buzzer.o
 .debug_macro   0x0001d698      0x414 ./Core/Src/buzzer.o
 .debug_macro   0x0001daac       0xeb ./Core/Src/buzzer.o
 .debug_macro   0x0001db97      0xa60 ./Core/Src/buzzer.o
 .debug_macro   0x0001e5f7       0xba ./Core/Src/buzzer.o
 .debug_macro   0x0001e6b1      0x347 ./Core/Src/buzzer.o
 .debug_macro   0x0001e9f8       0x22 ./Core/Src/buzzer.o
 .debug_macro   0x0001ea1a      0x1a9 ./Core/Src/buzzer.o
 .debug_macro   0x0001ebc3      0x2d7 ./Core/Src/coast.o
 .debug_macro   0x0001ee9a       0x5b ./Core/Src/coast.o
 .debug_macro   0x0001eef5       0x2a ./Core/Src/coast.o
 .debug_macro   0x0001ef1f       0x94 ./Core/Src/coast.o
 .debug_macro   0x0001efb3       0x43 ./Core/Src/coast.o
 .debug_macro   0x0001eff6       0x34 ./Core/Src/coast.o
 .debug_macro   0x0001f02a       0x16 ./Core/Src/coast.o
 .debug_macro   0x0001f040       0x57 ./Core/Src/coast.o
 .debug_macro   0x0001f097       0x9e ./Core/Src/coast.o
 .debug_macro   0x0001f135      0x370 ./Core/Src/coast.o
 .debug_macro   0x0001f4a5      0x112 ./Core/Src/coast.o
 .debug_macro   0x0001f5b7       0x10 ./Core/Src/coast.o
 .debug_macro   0x0001f5c7       0x16 ./Core/Src/coast.o
 .debug_macro   0x0001f5dd       0x4a ./Core/Src/coast.o
 .debug_macro   0x0001f627       0x34 ./Core/Src/coast.o
 .debug_macro   0x0001f65b       0x10 ./Core/Src/coast.o
 .debug_macro   0x0001f66b       0x58 ./Core/Src/coast.o
 .debug_macro   0x0001f6c3       0x8e ./Core/Src/coast.o
 .debug_macro   0x0001f751       0x1c ./Core/Src/coast.o
 .debug_macro   0x0001f76d      0x185 ./Core/Src/coast.o
 .debug_macro   0x0001f8f2       0x16 ./Core/Src/coast.o
 .debug_macro   0x0001f908       0x16 ./Core/Src/coast.o
 .debug_macro   0x0001f91e      0x146 ./Core/Src/coast.o
 .debug_macro   0x0001fa64       0x4f ./Core/Src/coast.o
 .debug_macro   0x0001fab3       0x16 ./Core/Src/coast.o
 .debug_macro   0x0001fac9      0x205 ./Core/Src/lcd.o
 .debug_macro   0x0001fcce      0x234 ./Core/Src/main.o
 .debug_macro   0x0001ff02       0x10 ./Core/Src/main.o
 .debug_macro   0x0001ff12      0x2d7 ./Core/Src/options.o
 .debug_macro   0x000201e9      0x1f8 ./Core/Src/state.o
 .debug_macro   0x000203e1      0x1f4 ./Core/Src/stm32f3xx_hal_msp.o
 .debug_macro   0x000205d5      0x1fe ./Core/Src/stm32f3xx_it.o
 .debug_macro   0x000207d3      0x112 ./Core/Src/sysmem.o
 .debug_macro   0x000208e5      0x23c ./Core/Src/sysmem.o
 .debug_macro   0x00020b21      0x1dc ./Core/Src/system_stm32f3xx.o
 .debug_macro   0x00020cfd      0x2d7 ./Core/Src/time.o
 .debug_macro   0x00020fd4      0x20a ./Core/Src/vibration.o
 .debug_macro   0x000211de      0x200 ./Drivers/STM32F3xx_HAL_Driver/Src/stm32f3xx_hal.o
 .debug_macro   0x000213de      0x1dc ./Drivers/STM32F3xx_HAL_Driver/Src/stm32f3xx_hal_cortex.o
 .debug_macro   0x000215ba      0x1e3 ./Drivers/STM32F3xx_HAL_Driver/Src/stm32f3xx_hal_gpio.o
 .debug_macro   0x0002179d      0x200 ./Drivers/STM32F3xx_HAL_Driver/Src/stm32f3xx_hal_rcc.o
 .debug_macro   0x0002199d      0x1dc ./Drivers/STM32F3xx_HAL_Driver/Src/stm32f3xx_hal_rcc_ex.o
 .debug_macro   0x00021b79      0x1dd ./Drivers/STM32F3xx_HAL_Driver/Src/stm32f3xx_hal_rtc.o
 .debug_macro   0x00021d56      0x1dd ./Drivers/STM32F3xx_HAL_Driver/Src/stm32f3xx_hal_tim.o
 .debug_macro   0x00021f33      0x1dc ./Drivers/STM32F3xx_HAL_Driver/Src/stm32f3xx_hal_tim_ex.o

.comment        0x00000000       0x43
 .comment       0x00000000       0x43 ./Core/Src/buzzer.o
                                 0x44 (size before relaxing)
 .comment       0x00000043       0x44 ./Core/Src/coast.o
 .comment       0x00000043       0x44 ./Core/Src/lcd.o
 .comment       0x00000043       0x44 ./Core/Src/main.o
 .comment       0x00000043       0x44 ./Core/Src/options.o
 .comment       0x00000043       0x44 ./Core/Src/state.o
 .comment       0x00000043       0x44 ./Core/Src/stm32f3xx_hal_msp.o
 .comment       0x00000043       0x44 ./Core/Src/stm32f3xx_it.o
 .comment       0x00000043       0x44 ./Core/Src/sysmem.o
 .comment       0x00000043       0x44 ./Core/Src/system_stm32f3xx.o
 .comment       0x00000043       0x44 ./Core/Src/time.o
 .comment       0x00000043       0x44 ./Core/Src/vibration.o
 .comment       0x00000043       0x44 ./Drivers/STM32F3xx_HAL_Driver/Src/stm32f3xx_hal.o
 .comment       0x00000043       0x44 ./Drivers/STM32F3xx_HAL_Driver/Src/stm32f3xx_hal_cortex.o
 .comment       0x00000043       0x44 ./Drivers/STM32F3xx_HAL_Driver/Src/stm32f3xx_hal_gpio.o
 .comment       0x00000043       0x44 ./Drivers/STM32F3xx_HAL_Driver/Src/stm32f3xx_hal_rcc.o
 .comment       0x00000043       0x44 ./Drivers/STM32F3xx_HAL_Driver/Src/stm32f3xx_hal_rcc_ex.o
 .comment       0x00000043       0x44 ./Drivers/STM32F3xx_HAL_Driver/Src/stm32f3xx_hal_rtc.o
 .comment       0x00000043       0x44 ./Drivers/STM32F3xx_HAL_Driver/Src/stm32f3xx_hal_tim.o
 .comment       0x00000043       0x44 ./Drivers/STM32F3xx_HAL_Driver/Src/stm32f3xx_hal_tim_ex.o

.debug_frame    0x00000000     0x3734
 .debug_frame   0x00000000       0xa0 ./Core/Src/buzzer.o
 .debug_frame   0x000000a0       0x50 ./Core/Src/coast.o
 .debug_frame   0x000000f0       0xfc ./Core/Src/lcd.o
 .debug_frame   0x000001ec      0x19c ./Core/Src/main.o
 .debug_frame   0x00000388       0xa4 ./Core/Src/options.o
 .debug_frame   0x0000042c       0xf0 ./Core/Src/stm32f3xx_hal_msp.o
 .debug_frame   0x0000051c      0x1ac ./Core/Src/stm32f3xx_it.o
 .debug_frame   0x000006c8       0x34 ./Core/Src/sysmem.o
 .debug_frame   0x000006fc       0x58 ./Core/Src/system_stm32f3xx.o
 .debug_frame   0x00000754      0x104 ./Core/Src/time.o
 .debug_frame   0x00000858       0x90 ./Core/Src/vibration.o
 .debug_frame   0x000008e8      0x334 ./Drivers/STM32F3xx_HAL_Driver/Src/stm32f3xx_hal.o
 .debug_frame   0x00000c1c      0x4e8 ./Drivers/STM32F3xx_HAL_Driver/Src/stm32f3xx_hal_cortex.o
 .debug_frame   0x00001104      0x14c ./Drivers/STM32F3xx_HAL_Driver/Src/stm32f3xx_hal_gpio.o
 .debug_frame   0x00001250      0x214 ./Drivers/STM32F3xx_HAL_Driver/Src/stm32f3xx_hal_rcc.o
 .debug_frame   0x00001464       0xb0 ./Drivers/STM32F3xx_HAL_Driver/Src/stm32f3xx_hal_rcc_ex.o
 .debug_frame   0x00001514      0x3f4 ./Drivers/STM32F3xx_HAL_Driver/Src/stm32f3xx_hal_rtc.o
 .debug_frame   0x00001908     0x1218 ./Drivers/STM32F3xx_HAL_Driver/Src/stm32f3xx_hal_tim.o
 .debug_frame   0x00002b20      0x688 ./Drivers/STM32F3xx_HAL_Driver/Src/stm32f3xx_hal_tim_ex.o
 .debug_frame   0x000031a8      0x144 D:/ST/STM32CubeIDE_1.18.1/STM32CubeIDE/plugins/com.st.stm32cube.ide.mcu.externaltools.gnu-tools-for-stm32.13.3.rel1.win32_1.0.0.202411081344/tools/bin/../lib/gcc/arm-none-eabi/13.3.1/../../../../arm-none-eabi/lib/thumb/v7e-m+fp/hard\libc_nano.a(libc_a-findfp.o)
 .debug_frame   0x000032ec       0x74 D:/ST/STM32CubeIDE_1.18.1/STM32CubeIDE/plugins/com.st.stm32cube.ide.mcu.externaltools.gnu-tools-for-stm32.13.3.rel1.win32_1.0.0.202411081344/tools/bin/../lib/gcc/arm-none-eabi/13.3.1/../../../../arm-none-eabi/lib/thumb/v7e-m+fp/hard\libc_nano.a(libc_a-sprintf.o)
 .debug_frame   0x00003360       0x20 D:/ST/STM32CubeIDE_1.18.1/STM32CubeIDE/plugins/com.st.stm32cube.ide.mcu.externaltools.gnu-tools-for-stm32.13.3.rel1.win32_1.0.0.202411081344/tools/bin/../lib/gcc/arm-none-eabi/13.3.1/../../../../arm-none-eabi/lib/thumb/v7e-m+fp/hard\libc_nano.a(libc_a-memset.o)
 .debug_frame   0x00003380       0x38 D:/ST/STM32CubeIDE_1.18.1/STM32CubeIDE/plugins/com.st.stm32cube.ide.mcu.externaltools.gnu-tools-for-stm32.13.3.rel1.win32_1.0.0.202411081344/tools/bin/../lib/gcc/arm-none-eabi/13.3.1/../../../../arm-none-eabi/lib/thumb/v7e-m+fp/hard\libc_nano.a(libc_a-reent.o)
 .debug_frame   0x000033b8       0x20 D:/ST/STM32CubeIDE_1.18.1/STM32CubeIDE/plugins/com.st.stm32cube.ide.mcu.externaltools.gnu-tools-for-stm32.13.3.rel1.win32_1.0.0.202411081344/tools/bin/../lib/gcc/arm-none-eabi/13.3.1/../../../../arm-none-eabi/lib/thumb/v7e-m+fp/hard\libc_nano.a(libc_a-errno.o)
 .debug_frame   0x000033d8       0x2c D:/ST/STM32CubeIDE_1.18.1/STM32CubeIDE/plugins/com.st.stm32cube.ide.mcu.externaltools.gnu-tools-for-stm32.13.3.rel1.win32_1.0.0.202411081344/tools/bin/../lib/gcc/arm-none-eabi/13.3.1/../../../../arm-none-eabi/lib/thumb/v7e-m+fp/hard\libc_nano.a(libc_a-init.o)
 .debug_frame   0x00003404       0xb0 D:/ST/STM32CubeIDE_1.18.1/STM32CubeIDE/plugins/com.st.stm32cube.ide.mcu.externaltools.gnu-tools-for-stm32.13.3.rel1.win32_1.0.0.202411081344/tools/bin/../lib/gcc/arm-none-eabi/13.3.1/../../../../arm-none-eabi/lib/thumb/v7e-m+fp/hard\libc_nano.a(libc_a-lock.o)
 .debug_frame   0x000034b4       0x28 D:/ST/STM32CubeIDE_1.18.1/STM32CubeIDE/plugins/com.st.stm32cube.ide.mcu.externaltools.gnu-tools-for-stm32.13.3.rel1.win32_1.0.0.202411081344/tools/bin/../lib/gcc/arm-none-eabi/13.3.1/../../../../arm-none-eabi/lib/thumb/v7e-m+fp/hard\libc_nano.a(libc_a-memcpy-stub.o)
 .debug_frame   0x000034dc       0x38 D:/ST/STM32CubeIDE_1.18.1/STM32CubeIDE/plugins/com.st.stm32cube.ide.mcu.externaltools.gnu-tools-for-stm32.13.3.rel1.win32_1.0.0.202411081344/tools/bin/../lib/gcc/arm-none-eabi/13.3.1/../../../../arm-none-eabi/lib/thumb/v7e-m+fp/hard\libc_nano.a(libc_a-freer.o)
 .debug_frame   0x00003514       0x50 D:/ST/STM32CubeIDE_1.18.1/STM32CubeIDE/plugins/com.st.stm32cube.ide.mcu.externaltools.gnu-tools-for-stm32.13.3.rel1.win32_1.0.0.202411081344/tools/bin/../lib/gcc/arm-none-eabi/13.3.1/../../../../arm-none-eabi/lib/thumb/v7e-m+fp/hard\libc_nano.a(libc_a-mallocr.o)
 .debug_frame   0x00003564       0x30 D:/ST/STM32CubeIDE_1.18.1/STM32CubeIDE/plugins/com.st.stm32cube.ide.mcu.externaltools.gnu-tools-for-stm32.13.3.rel1.win32_1.0.0.202411081344/tools/bin/../lib/gcc/arm-none-eabi/13.3.1/../../../../arm-none-eabi/lib/thumb/v7e-m+fp/hard\libc_nano.a(libc_a-mlock.o)
 .debug_frame   0x00003594       0x90 D:/ST/STM32CubeIDE_1.18.1/STM32CubeIDE/plugins/com.st.stm32cube.ide.mcu.externaltools.gnu-tools-for-stm32.13.3.rel1.win32_1.0.0.202411081344/tools/bin/../lib/gcc/arm-none-eabi/13.3.1/../../../../arm-none-eabi/lib/thumb/v7e-m+fp/hard\libc_nano.a(libc_a-nano-svfprintf.o)
 .debug_frame   0x00003624       0x60 D:/ST/STM32CubeIDE_1.18.1/STM32CubeIDE/plugins/com.st.stm32cube.ide.mcu.externaltools.gnu-tools-for-stm32.13.3.rel1.win32_1.0.0.202411081344/tools/bin/../lib/gcc/arm-none-eabi/13.3.1/../../../../arm-none-eabi/lib/thumb/v7e-m+fp/hard\libc_nano.a(libc_a-nano-vfprintf_i.o)
 .debug_frame   0x00003684       0x28 D:/ST/STM32CubeIDE_1.18.1/STM32CubeIDE/plugins/com.st.stm32cube.ide.mcu.externaltools.gnu-tools-for-stm32.13.3.rel1.win32_1.0.0.202411081344/tools/bin/../lib/gcc/arm-none-eabi/13.3.1/../../../../arm-none-eabi/lib/thumb/v7e-m+fp/hard\libc_nano.a(libc_a-memmove.o)
 .debug_frame   0x000036ac       0x2c D:/ST/STM32CubeIDE_1.18.1/STM32CubeIDE/plugins/com.st.stm32cube.ide.mcu.externaltools.gnu-tools-for-stm32.13.3.rel1.win32_1.0.0.202411081344/tools/bin/../lib/gcc/arm-none-eabi/13.3.1/../../../../arm-none-eabi/lib/thumb/v7e-m+fp/hard\libc_nano.a(libc_a-sbrkr.o)
 .debug_frame   0x000036d8       0x3c D:/ST/STM32CubeIDE_1.18.1/STM32CubeIDE/plugins/com.st.stm32cube.ide.mcu.externaltools.gnu-tools-for-stm32.13.3.rel1.win32_1.0.0.202411081344/tools/bin/../lib/gcc/arm-none-eabi/13.3.1/../../../../arm-none-eabi/lib/thumb/v7e-m+fp/hard\libc_nano.a(libc_a-reallocr.o)
 .debug_frame   0x00003714       0x20 D:/ST/STM32CubeIDE_1.18.1/STM32CubeIDE/plugins/com.st.stm32cube.ide.mcu.externaltools.gnu-tools-for-stm32.13.3.rel1.win32_1.0.0.202411081344/tools/bin/../lib/gcc/arm-none-eabi/13.3.1/../../../../arm-none-eabi/lib/thumb/v7e-m+fp/hard\libc_nano.a(libc_a-msizer.o)
