../Core/Src/main.c:88:5:main	56	static
../Core/Src/main.c:204:6:SystemClock_Config	160	static
../Core/Src/main.c:251:13:MX_TIM6_Init	24	static
../Core/Src/main.c:289:13:MX_USART2_UART_Init	8	static
../Core/Src/main.c:324:13:MX_GPIO_Init	48	static
../Core/Src/main.c:407:6:HAL_GPIO_EXTI_Callback	24	static
../Core/Src/main.c:430:6:HAL_TIM_PeriodElapsedCallback	24	static
../Core/Src/main.c:446:10:to_digit	24	static
../Core/Src/main.c:454:6:syntax_check	24	static
../Core/Src/main.c:465:6:LCD_putNibble	16	static
../Core/Src/main.c:472:6:LCD_enable	16	static
../Core/Src/main.c:481:6:LCD_command	16	static
../Core/Src/main.c:489:6:LCD_data	24	static
../Core/Src/main.c:500:6:LCD_display	24	static
../Core/Src/main.c:513:9:KEY_scan	32	static
../Core/Src/main.c:536:6:Error_Handler	4	static,ignoring_inline_asm
