Archive member included to satisfy reference by file (symbol)

F:/STM32cubeIDE/STM32CubeIDE_1.15.1/STM32CubeIDE/plugins/com.st.stm32cube.ide.mcu.externaltools.gnu-tools-for-stm32.12.3.rel1.win32_1.0.100.202403111256/tools/bin/../lib/gcc/arm-none-eabi/12.3.1/../../../../arm-none-eabi/lib/thumb/v7e-m+fp/hard\libc_nano.a(libc_a-exit.o)
                              F:/STM32cubeIDE/STM32CubeIDE_1.15.1/STM32CubeIDE/plugins/com.st.stm32cube.ide.mcu.externaltools.gnu-tools-for-stm32.12.3.rel1.win32_1.0.100.202403111256/tools/bin/../lib/gcc/arm-none-eabi/12.3.1/../../../../arm-none-eabi/lib/thumb/v7e-m+fp/hard/crt0.o (exit)
F:/STM32cubeIDE/STM32CubeIDE_1.15.1/STM32CubeIDE/plugins/com.st.stm32cube.ide.mcu.externaltools.gnu-tools-for-stm32.12.3.rel1.win32_1.0.100.202403111256/tools/bin/../lib/gcc/arm-none-eabi/12.3.1/../../../../arm-none-eabi/lib/thumb/v7e-m+fp/hard\libc_nano.a(libc_a-findfp.o)
                              F:/STM32cubeIDE/STM32CubeIDE_1.15.1/STM32CubeIDE/plugins/com.st.stm32cube.ide.mcu.externaltools.gnu-tools-for-stm32.12.3.rel1.win32_1.0.100.202403111256/tools/bin/../lib/gcc/arm-none-eabi/12.3.1/../../../../arm-none-eabi/lib/thumb/v7e-m+fp/hard\libc_nano.a(libc_a-exit.o) (__stdio_exit_handler)
F:/STM32cubeIDE/STM32CubeIDE_1.15.1/STM32CubeIDE/plugins/com.st.stm32cube.ide.mcu.externaltools.gnu-tools-for-stm32.12.3.rel1.win32_1.0.100.202403111256/tools/bin/../lib/gcc/arm-none-eabi/12.3.1/../../../../arm-none-eabi/lib/thumb/v7e-m+fp/hard\libc_nano.a(libc_a-fwalk.o)
                              F:/STM32cubeIDE/STM32CubeIDE_1.15.1/STM32CubeIDE/plugins/com.st.stm32cube.ide.mcu.externaltools.gnu-tools-for-stm32.12.3.rel1.win32_1.0.100.202403111256/tools/bin/../lib/gcc/arm-none-eabi/12.3.1/../../../../arm-none-eabi/lib/thumb/v7e-m+fp/hard\libc_nano.a(libc_a-findfp.o) (_fwalk_sglue)
F:/STM32cubeIDE/STM32CubeIDE_1.15.1/STM32CubeIDE/plugins/com.st.stm32cube.ide.mcu.externaltools.gnu-tools-for-stm32.12.3.rel1.win32_1.0.100.202403111256/tools/bin/../lib/gcc/arm-none-eabi/12.3.1/../../../../arm-none-eabi/lib/thumb/v7e-m+fp/hard\libc_nano.a(libc_a-stdio.o)
                              F:/STM32cubeIDE/STM32CubeIDE_1.15.1/STM32CubeIDE/plugins/com.st.stm32cube.ide.mcu.externaltools.gnu-tools-for-stm32.12.3.rel1.win32_1.0.100.202403111256/tools/bin/../lib/gcc/arm-none-eabi/12.3.1/../../../../arm-none-eabi/lib/thumb/v7e-m+fp/hard\libc_nano.a(libc_a-findfp.o) (__sread)
F:/STM32cubeIDE/STM32CubeIDE_1.15.1/STM32CubeIDE/plugins/com.st.stm32cube.ide.mcu.externaltools.gnu-tools-for-stm32.12.3.rel1.win32_1.0.100.202403111256/tools/bin/../lib/gcc/arm-none-eabi/12.3.1/../../../../arm-none-eabi/lib/thumb/v7e-m+fp/hard\libc_nano.a(libc_a-memset.o)
                              F:/STM32cubeIDE/STM32CubeIDE_1.15.1/STM32CubeIDE/plugins/com.st.stm32cube.ide.mcu.externaltools.gnu-tools-for-stm32.12.3.rel1.win32_1.0.100.202403111256/tools/bin/../lib/gcc/arm-none-eabi/12.3.1/../../../../arm-none-eabi/lib/thumb/v7e-m+fp/hard/crt0.o (memset)
F:/STM32cubeIDE/STM32CubeIDE_1.15.1/STM32CubeIDE/plugins/com.st.stm32cube.ide.mcu.externaltools.gnu-tools-for-stm32.12.3.rel1.win32_1.0.100.202403111256/tools/bin/../lib/gcc/arm-none-eabi/12.3.1/../../../../arm-none-eabi/lib/thumb/v7e-m+fp/hard\libc_nano.a(libc_a-closer.o)
                              F:/STM32cubeIDE/STM32CubeIDE_1.15.1/STM32CubeIDE/plugins/com.st.stm32cube.ide.mcu.externaltools.gnu-tools-for-stm32.12.3.rel1.win32_1.0.100.202403111256/tools/bin/../lib/gcc/arm-none-eabi/12.3.1/../../../../arm-none-eabi/lib/thumb/v7e-m+fp/hard\libc_nano.a(libc_a-stdio.o) (_close_r)
F:/STM32cubeIDE/STM32CubeIDE_1.15.1/STM32CubeIDE/plugins/com.st.stm32cube.ide.mcu.externaltools.gnu-tools-for-stm32.12.3.rel1.win32_1.0.100.202403111256/tools/bin/../lib/gcc/arm-none-eabi/12.3.1/../../../../arm-none-eabi/lib/thumb/v7e-m+fp/hard\libc_nano.a(libc_a-reent.o)
                              F:/STM32cubeIDE/STM32CubeIDE_1.15.1/STM32CubeIDE/plugins/com.st.stm32cube.ide.mcu.externaltools.gnu-tools-for-stm32.12.3.rel1.win32_1.0.100.202403111256/tools/bin/../lib/gcc/arm-none-eabi/12.3.1/../../../../arm-none-eabi/lib/thumb/v7e-m+fp/hard\libc_nano.a(libc_a-closer.o) (errno)
F:/STM32cubeIDE/STM32CubeIDE_1.15.1/STM32CubeIDE/plugins/com.st.stm32cube.ide.mcu.externaltools.gnu-tools-for-stm32.12.3.rel1.win32_1.0.100.202403111256/tools/bin/../lib/gcc/arm-none-eabi/12.3.1/../../../../arm-none-eabi/lib/thumb/v7e-m+fp/hard\libc_nano.a(libc_a-impure.o)
                              F:/STM32cubeIDE/STM32CubeIDE_1.15.1/STM32CubeIDE/plugins/com.st.stm32cube.ide.mcu.externaltools.gnu-tools-for-stm32.12.3.rel1.win32_1.0.100.202403111256/tools/bin/../lib/gcc/arm-none-eabi/12.3.1/../../../../arm-none-eabi/lib/thumb/v7e-m+fp/hard\libc_nano.a(libc_a-reent.o) (_impure_ptr)
[...]
Memory Configuration

Name             Origin             Length             Attributes
CCMRAM           0x10000000         0x00004000         xrw
RAM              0x20000000         0x00010000         xrw
FLASH            0x08000000         0x00080000         xr
*default*        0x00000000         0xffffffff

Linker script and memory map

LOAD F:/STM32cubeIDE/STM32CubeIDE_1.15.1/STM32CubeIDE/plugins/com.st.stm32cube.ide.mcu.externaltools.gnu-tools-for-stm32.12.3.rel1.win32_1.0.100.202403111256/tools/bin/../lib/gcc/arm-none-eabi/12.3.1/thumb/v7e-m+fp/hard/crti.o
LOAD F:/STM32cubeIDE/STM32CubeIDE_1.15.1/STM32CubeIDE/plugins/com.st.stm32cube.ide.mcu.externaltools.gnu-tools-for-stm32.12.3.rel1.win32_1.0.100.202403111256/tools/bin/../lib/gcc/arm-none-eabi/12.3.1/thumb/v7e-m+fp/hard/crtbegin.o
LOAD F:/STM32cubeIDE/STM32CubeIDE_1.15.1/STM32CubeIDE/plugins/com.st.stm32cube.ide.mcu.externaltools.gnu-tools-for-stm32.12.3.rel1.win32_1.0.100.202403111256/tools/bin/../lib/gcc/arm-none-eabi/12.3.1/../../../../arm-none-eabi/lib/thumb/v7e-m+fp/hard/crt0.o
LOAD ./Core/Src/delay.o
LOAD ./Core/Src/main.o
LOAD ./Core/Src/stm32f3xx_hal_msp.o
LOAD ./Core/Src/stm32f3xx_it.o
LOAD ./Core/Src/syscalls.o
LOAD ./Core/Src/sysmem.o
LOAD ./Core/Src/system_stm32f3xx.o
LOAD ./Core/Startup/startup_stm32f303retx.o
LOAD ./Drivers/STM32F3xx_HAL_Driver/Src/stm32f3xx_hal.o
LOAD ./Drivers/STM32F3xx_HAL_Driver/Src/stm32f3xx_hal_cortex.o
LOAD ./Drivers/STM32F3xx_HAL_Driver/Src/stm32f3xx_hal_dma.o
LOAD ./Drivers/STM32F3xx_HAL_Driver/Src/stm32f3xx_hal_exti.o
LOAD ./Drivers/STM32F3xx_HAL_Driver/Src/stm32f3xx_hal_flash.o
LOAD ./Drivers/STM32F3xx_HAL_Driver/Src/stm32f3xx_hal_flash_ex.o
LOAD ./Drivers/STM32F3xx_HAL_Driver/Src/stm32f3xx_hal_gpio.o
LOAD ./Drivers/STM32F3xx_HAL_Driver/Src/stm32f3xx_hal_i2c.o
LOAD ./Drivers/STM32F3xx_HAL_Driver/Src/stm32f3xx_hal_i2c_ex.o
LOAD ./Drivers/STM32F3xx_HAL_Driver/Src/stm32f3xx_hal_pwr.o
LOAD ./Drivers/STM32F3xx_HAL_Driver/Src/stm32f3xx_hal_pwr_ex.o
LOAD ./Drivers/STM32F3xx_HAL_Driver/Src/stm32f3xx_hal_rcc.o
LOAD ./Drivers/STM32F3xx_HAL_Driver/Src/stm32f3xx_hal_rcc_ex.o
LOAD ./Drivers/STM32F3xx_HAL_Driver/Src/stm32f3xx_hal_tim.o
LOAD ./Drivers/STM32F3xx_HAL_Driver/Src/stm32f3xx_hal_tim_ex.o
LOAD ./Drivers/STM32F3xx_HAL_Driver/Src/stm32f3xx_hal_uart.o
LOAD ./Drivers/STM32F3xx_HAL_Driver/Src/stm32f3xx_hal_uart_ex.o
START GROUP
LOAD F:/STM32cubeIDE/STM32CubeIDE_1.15.1/STM32CubeIDE/plugins/com.st.stm32cube.ide.mcu.externaltools.gnu-tools-for-stm32.12.3.rel1.win32_1.0.100.202403111256/tools/bin/../lib/gcc/arm-none-eabi/12.3.1/../../../../arm-none-eabi/lib/thumb/v7e-m+fp/hard\libc_nano.a
LOAD F:/STM32cubeIDE/STM32CubeIDE_1.15.1/STM32CubeIDE/plugins/com.st.stm32cube.ide.mcu.externaltools.gnu-tools-for-stm32.12.3.rel1.win32_1.0.100.202403111256/tools/bin/../lib/gcc/arm-none-eabi/12.3.1/../../../../arm-none-eabi/lib/thumb/v7e-m+fp/hard\libm.a
END GROUP
START GROUP
LOAD F:/STM32cubeIDE/STM32CubeIDE_1.15.1/STM32CubeIDE/plugins/com.st.stm32cube.ide.mcu.externaltools.gnu-tools-for-stm32.12.3.rel1.win32_1.0.100.202403111256/tools/bin/../lib/gcc/arm-none-eabi/12.3.1/thumb/v7e-m+fp/hard\libgcc.a
LOAD F:/STM32cubeIDE/STM32CubeIDE_1.15.1/STM32CubeIDE/plugins/com.st.stm32cube.ide.mcu.externaltools.gnu-tools-for-stm32.12.3.rel1.win32_1.0.100.202403111256/tools/bin/../lib/gcc/arm-none-eabi/12.3.1/../../../../arm-none-eabi/lib/thumb/v7e-m+fp/hard\libc_nano.a
END GROUP
START GROUP
LOAD F:/STM32cubeIDE/STM32CubeIDE_1.15.1/STM32CubeIDE/plugins/com.st.stm32cube.ide.mcu.externaltools.gnu-tools-for-stm32.12.3.rel1.win32_1.0.100.202403111256/tools/bin/../lib/gcc/arm-none-eabi/12.3.1/thumb/v7e-m+fp/hard\libgcc.a
LOAD F:/STM32cubeIDE/STM32CubeIDE_1.15.1/STM32CubeIDE/plugins/com.st.stm32cube.ide.mcu.externaltools.gnu-tools-for-stm32.12.3.rel1.win32_1.0.100.202403111256/tools/bin/../lib/gcc/arm-none-eabi/12.3.1/../../../../arm-none-eabi/lib/thumb/v7e-m+fp/hard\libc_nano.a
LOAD F:/STM32cubeIDE/STM32CubeIDE_1.15.1/STM32CubeIDE/plugins/com.st.stm32cube.ide.mcu.externaltools.gnu-tools-for-stm32.12.3.rel1.win32_1.0.100.202403111256/tools/bin/../lib/gcc/arm-none-eabi/12.3.1/../../../../arm-none-eabi/lib/thumb/v7e-m+fp/hard\libnosys.a
END GROUP
START GROUP
LOAD F:/STM32cubeIDE/STM32CubeIDE_1.15.1/STM32CubeIDE/plugins/com.st.stm32cube.ide.mcu.externaltools.gnu-tools-for-stm32.12.3.rel1.win32_1.0.100.202403111256/tools/bin/../lib/gcc/arm-none-eabi/12.3.1/thumb/v7e-m+fp/hard\libgcc.a
LOAD F:/STM32cubeIDE/STM32CubeIDE_1.15.1/STM32CubeIDE/plugins/com.st.stm32cube.ide.mcu.externaltools.gnu-tools-for-stm32.12.3.rel1.win32_1.0.100.202403111256/tools/bin/../lib/gcc/arm-none-eabi/12.3.1/../../../../arm-none-eabi/lib/thumb/v7e-m+fp/hard\libc_nano.a
LOAD F:/STM32cubeIDE/STM32CubeIDE_1.15.1/STM32CubeIDE/plugins/com.st.stm32cube.ide.mcu.externaltools.gnu-tools-for-stm32.12.3.rel1.win32_1.0.100.202403111256/tools/bin/../lib/gcc/arm-none-eabi/12.3.1/../../../../arm-none-eabi/lib/thumb/v7e-m+fp/hard\libnosys.a
END GROUP
LOAD F:/STM32cubeIDE/STM32CubeIDE_1.15.1/STM32CubeIDE/plugins/com.st.stm32cube.ide.mcu.externaltools.gnu-tools-for-stm32.12.3.rel1.win32_1.0.100.202403111256/tools/bin/../lib/gcc/arm-none-eabi/12.3.1/thumb/v7e-m+fp/hard/crtend.o
LOAD F:/STM32cubeIDE/STM32CubeIDE_1.15.1/STM32CubeIDE/plugins/com.st.stm32cube.ide.mcu.externaltools.gnu-tools-for-stm32.12.3.rel1.win32_1.0.100.202403111256/tools/bin/../lib/gcc/arm-none-eabi/12.3.1/thumb/v7e-m+fp/hard/crtn.o
                0x20010000                        _estack = (ORIGIN (RAM) + LENGTH (RAM))
                0x00000200                        _Min_Heap_Size = 0x200
                0x00000400                        _Min_Stack_Size = 0x400

.isr_vector     0x08000000      0x194
                0x08000000                        . = ALIGN (0x4)
 *(.isr_vector)
 .isr_vector    0x08000000      0x194 ./Core/Startup/startup_stm32f303retx.o
                0x08000000                g_pfnVectors
                0x08000194                        . = ALIGN (0x4)

.text           0x08000194     0x3bcc
                0x08000194                        . = ALIGN (0x4)
 *(.text)
 .text          0x08000194       0x40 F:/STM32cubeIDE/STM32CubeIDE_1.15.1/STM32CubeIDE/plugins/com.st.stm32cube.ide.mcu.externaltools.gnu-tools-for-stm32.12.3.rel1.win32_1.0.100.202403111256/tools/bin/../lib/gcc/arm-none-eabi/12.3.1/thumb/v7e-m+fp/hard/crtbegin.o
 .text          0x080001d4       0x14 ./Core/Src/delay.o
                0x080001d4                delay
 *(.text*)
 .text.main     0x080001e8      0x200 ./Core/Src/main.o
                0x080001e8                main
 .text.SystemClock_Config
                0x080003e8       0xbc ./Core/Src/main.o
                0x080003e8                SystemClock_Config
 .text.MX_TIM6_Init
                0x080004a4       0x70 ./Core/Src/main.o
 .text.MX_USART2_UART_Init
                0x08000514       0x60 ./Core/Src/main.o
 .text.MX_GPIO_Init
                0x08000574      0x194 ./Core/Src/main.o
 .text.HAL_GPIO_EXTI_Callback
                0x08000708       0xb8 ./Core/Src/main.o
                0x08000708                HAL_GPIO_EXTI_Callback
 .text.HAL_TIM_PeriodElapsedCallback
                0x080007c0       0x88 ./Core/Src/main.o
                0x080007c0                HAL_TIM_PeriodElapsedCallback
 .text.to_digit
                0x08000848       0x4e ./Core/Src/main.o
                0x08000848                to_digit
 .text.syntax_check
                0x08000896       0x54 ./Core/Src/main.o
                0x08000896                syntax_check
 *fill*         0x080008ea        0x2 
 .text.LCD_putNibble
                0x080008ec       0x74 ./Core/Src/main.o
                0x080008ec                LCD_putNibble
 .text.LCD_enable
                0x08000960       0x4c ./Core/Src/main.o
                0x08000960                LCD_enable
 .text.LCD_command
                0x080009ac       0x42 ./Core/Src/main.o
                0x080009ac                LCD_command
 .text.LCD_data
                0x080009ee       0x62 ./Core/Src/main.o
                0x080009ee                LCD_data
 .text.LCD_display
                0x08000a50       0x40 ./Core/Src/main.o
                0x08000a50                LCD_display
 .text.KEY_scan
                0x08000a90       0xa4 ./Core/Src/main.o
                0x08000a90                KEY_scan
 .text.Error_Handler
                0x08000b34        0xc ./Core/Src/main.o
                0x08000b34                Error_Handler
 .text.HAL_MspInit
                0x08000b40       0x48 ./Core/Src/stm32f3xx_hal_msp.o
                0x08000b40                HAL_MspInit
 .text.HAL_TIM_Base_MspInit
                0x08000b88       0x4c ./Core/Src/stm32f3xx_hal_msp.o
                0x08000b88                HAL_TIM_Base_MspInit
 .text.HAL_UART_MspInit
                0x08000bd4       0x84 ./Core/Src/stm32f3xx_hal_msp.o
                0x08000bd4                HAL_UART_MspInit
 .text.NMI_Handler
                0x08000c58        0x8 ./Core/Src/stm32f3xx_it.o
                0x08000c58                NMI_Handler
 .text.HardFault_Handler
                0x08000c60        0x8 ./Core/Src/stm32f3xx_it.o
                0x08000c60                HardFault_Handler
 .text.MemManage_Handler
                0x08000c68        0x8 ./Core/Src/stm32f3xx_it.o
                0x08000c68                MemManage_Handler
 .text.BusFault_Handler
                0x08000c70        0x8 ./Core/Src/stm32f3xx_it.o
                0x08000c70                BusFault_Handler
 .text.UsageFault_Handler
                0x08000c78        0x8 ./Core/Src/stm32f3xx_it.o
                0x08000c78                UsageFault_Handler
 .text.SVC_Handler
                0x08000c80        0xe ./Core/Src/stm32f3xx_it.o
                0x08000c80                SVC_Handler
 .text.DebugMon_Handler
                0x08000c8e        0xe ./Core/Src/stm32f3xx_it.o
                0x08000c8e                DebugMon_Handler
 .text.PendSV_Handler
                0x08000c9c        0xe ./Core/Src/stm32f3xx_it.o
                0x08000c9c                PendSV_Handler
 .text.SysTick_Handler
                0x08000caa        0xc ./Core/Src/stm32f3xx_it.o
                0x08000caa                SysTick_Handler
 .text.EXTI15_10_IRQHandler
                0x08000cb6       0x10 ./Core/Src/stm32f3xx_it.o
                0x08000cb6                EXTI15_10_IRQHandler
 *fill*         0x08000cc6        0x2 
 .text.TIM6_DAC_IRQHandler
                0x08000cc8       0x14 ./Core/Src/stm32f3xx_it.o
                0x08000cc8                TIM6_DAC_IRQHandler
 .text.SystemInit
                0x08000cdc       0x24 ./Core/Src/system_stm32f3xx.o
                0x08000cdc                SystemInit
 .text.Reset_Handler
                0x08000d00       0x50 ./Core/Startup/startup_stm32f303retx.o
                0x08000d00                Reset_Handler
 .text.Default_Handler
                0x08000d50        0x2 ./Core/Startup/startup_stm32f303retx.o
                0x08000d50                RTC_Alarm_IRQHandler
                0x08000d50                TIM8_TRG_COM_IRQHandler
                0x08000d50                TIM8_CC_IRQHandler
                0x08000d50                SPI4_IRQHandler
                0x08000d50                TIM1_CC_IRQHandler
                0x08000d50                USB_HP_IRQHandler
                0x08000d50                PVD_IRQHandler
                0x08000d50                TAMP_STAMP_IRQHandler
                0x08000d50                EXTI3_IRQHandler
                0x08000d50                I2C3_ER_IRQHandler
                0x08000d50                USB_HP_CAN_TX_IRQHandler
                0x08000d50                EXTI0_IRQHandler
                0x08000d50                I2C2_EV_IRQHandler
                0x08000d50                FPU_IRQHandler
                0x08000d50                TIM1_UP_TIM16_IRQHandler
                0x08000d50                ADC1_2_IRQHandler
                0x08000d50                SPI1_IRQHandler
                0x08000d50                CAN_SCE_IRQHandler
                0x08000d50                TIM8_UP_IRQHandler
                0x08000d50                DMA2_Channel2_IRQHandler
                0x08000d50                DMA1_Channel4_IRQHandler
                0x08000d50                TIM20_TRG_COM_IRQHandler
                0x08000d50                USART3_IRQHandler
                0x08000d50                DMA1_Channel7_IRQHandler
                0x08000d50                UART5_IRQHandler
                0x08000d50                ADC3_IRQHandler
                0x08000d50                TIM4_IRQHandler
                0x08000d50                CAN_RX1_IRQHandler
                0x08000d50                DMA2_Channel1_IRQHandler
                0x08000d50                I2C1_EV_IRQHandler
                0x08000d50                DMA1_Channel6_IRQHandler
                0x08000d50                UART4_IRQHandler
                0x08000d50                DMA2_Channel4_IRQHandler
                0x08000d50                TIM3_IRQHandler
                0x08000d50                RCC_IRQHandler
                0x08000d50                TIM20_UP_IRQHandler
                0x08000d50                DMA1_Channel1_IRQHandler
                0x08000d50                Default_Handler
                0x08000d50                USBWakeUp_RMP_IRQHandler
                0x08000d50                TIM7_IRQHandler
                0x08000d50                I2C3_EV_IRQHandler
                0x08000d50                EXTI9_5_IRQHandler
                0x08000d50                RTC_WKUP_IRQHandler
                0x08000d50                SPI2_IRQHandler
                0x08000d50                USB_LP_CAN_RX0_IRQHandler
                0x08000d50                DMA2_Channel5_IRQHandler
                0x08000d50                DMA1_Channel5_IRQHandler
                0x08000d50                USB_LP_IRQHandler
                0x08000d50                EXTI4_IRQHandler
                0x08000d50                TIM1_TRG_COM_TIM17_IRQHandler
                0x08000d50                DMA1_Channel3_IRQHandler
                0x08000d50                ADC4_IRQHandler
                0x08000d50                WWDG_IRQHandler
                0x08000d50                TIM2_IRQHandler
                0x08000d50                COMP7_IRQHandler
                0x08000d50                COMP1_2_3_IRQHandler
                0x08000d50                EXTI1_IRQHandler
                0x08000d50                USART2_IRQHandler
                0x08000d50                COMP4_5_6_IRQHandler
                0x08000d50                TIM20_BRK_IRQHandler
                0x08000d50                I2C2_ER_IRQHandler
                0x08000d50                DMA1_Channel2_IRQHandler
                0x08000d50                TIM8_BRK_IRQHandler
                0x08000d50                FLASH_IRQHandler
                0x08000d50                TIM20_CC_IRQHandler
                0x08000d50                USART1_IRQHandler
                0x08000d50                SPI3_IRQHandler
                0x08000d50                I2C1_ER_IRQHandler
                0x08000d50                FMC_IRQHandler
                0x08000d50                USBWakeUp_IRQHandler
                0x08000d50                DMA2_Channel3_IRQHandler
                0x08000d50                EXTI2_TSC_IRQHandler
                0x08000d50                TIM1_BRK_TIM15_IRQHandler
 *fill*         0x08000d52        0x2 
 .text.HAL_Init
                0x08000d54       0x2c ./Drivers/STM32F3xx_HAL_Driver/Src/stm32f3xx_hal.o
                0x08000d54                HAL_Init
 .text.HAL_InitTick
                0x08000d80       0x60 ./Drivers/STM32F3xx_HAL_Driver/Src/stm32f3xx_hal.o
                0x08000d80                HAL_InitTick
 .text.HAL_IncTick
                0x08000de0       0x28 ./Drivers/STM32F3xx_HAL_Driver/Src/stm32f3xx_hal.o
                0x08000de0                HAL_IncTick
 .text.HAL_GetTick
                0x08000e08       0x18 ./Drivers/STM32F3xx_HAL_Driver/Src/stm32f3xx_hal.o
                0x08000e08                HAL_GetTick
 .text.HAL_Delay
                0x08000e20       0x48 ./Drivers/STM32F3xx_HAL_Driver/Src/stm32f3xx_hal.o
                0x08000e20                HAL_Delay
 .text.__NVIC_SetPriorityGrouping
                0x08000e68       0x48 ./Drivers/STM32F3xx_HAL_Driver/Src/stm32f3xx_hal_cortex.o
 .text.__NVIC_GetPriorityGrouping
                0x08000eb0       0x1c ./Drivers/STM32F3xx_HAL_Driver/Src/stm32f3xx_hal_cortex.o
 .text.__NVIC_EnableIRQ
                0x08000ecc       0x3c ./Drivers/STM32F3xx_HAL_Driver/Src/stm32f3xx_hal_cortex.o
 .text.__NVIC_SetPriority
                0x08000f08       0x54 ./Drivers/STM32F3xx_HAL_Driver/Src/stm32f3xx_hal_cortex.o
 .text.NVIC_EncodePriority
                0x08000f5c       0x66 ./Drivers/STM32F3xx_HAL_Driver/Src/stm32f3xx_hal_cortex.o
 *fill*         0x08000fc2        0x2 
 .text.SysTick_Config
                0x08000fc4       0x44 ./Drivers/STM32F3xx_HAL_Driver/Src/stm32f3xx_hal_cortex.o
 .text.HAL_NVIC_SetPriorityGrouping
                0x08001008       0x16 ./Drivers/STM32F3xx_HAL_Driver/Src/stm32f3xx_hal_cortex.o
                0x08001008                HAL_NVIC_SetPriorityGrouping
 .text.HAL_NVIC_SetPriority
                0x0800101e       0x38 ./Drivers/STM32F3xx_HAL_Driver/Src/stm32f3xx_hal_cortex.o
                0x0800101e                HAL_NVIC_SetPriority
 .text.HAL_NVIC_EnableIRQ
                0x08001056       0x1c ./Drivers/STM32F3xx_HAL_Driver/Src/stm32f3xx_hal_cortex.o
                0x08001056                HAL_NVIC_EnableIRQ
 .text.HAL_SYSTICK_Config
                0x08001072       0x18 ./Drivers/STM32F3xx_HAL_Driver/Src/stm32f3xx_hal_cortex.o
                0x08001072                HAL_SYSTICK_Config
 *fill*         0x0800108a        0x2 
 .text.HAL_GPIO_Init
                0x0800108c      0x314 ./Drivers/STM32F3xx_HAL_Driver/Src/stm32f3xx_hal_gpio.o
                0x0800108c                HAL_GPIO_Init
 .text.HAL_GPIO_ReadPin
                0x080013a0       0x30 ./Drivers/STM32F3xx_HAL_Driver/Src/stm32f3xx_hal_gpio.o
                0x080013a0                HAL_GPIO_ReadPin
 .text.HAL_GPIO_WritePin
                0x080013d0       0x30 ./Drivers/STM32F3xx_HAL_Driver/Src/stm32f3xx_hal_gpio.o
                0x080013d0                HAL_GPIO_WritePin
 .text.HAL_GPIO_TogglePin
                0x08001400       0x34 ./Drivers/STM32F3xx_HAL_Driver/Src/stm32f3xx_hal_gpio.o
                0x08001400                HAL_GPIO_TogglePin
 .text.HAL_GPIO_EXTI_IRQHandler
                0x08001434       0x30 ./Drivers/STM32F3xx_HAL_Driver/Src/stm32f3xx_hal_gpio.o
                0x08001434                HAL_GPIO_EXTI_IRQHandler
 .text.HAL_RCC_OscConfig
                0x08001464     0x10a8 ./Drivers/STM32F3xx_HAL_Driver/Src/stm32f3xx_hal_rcc.o
                0x08001464                HAL_RCC_OscConfig
 .text.HAL_RCC_ClockConfig
                0x0800250c      0x2f8 ./Drivers/STM32F3xx_HAL_Driver/Src/stm32f3xx_hal_rcc.o
                0x0800250c                HAL_RCC_ClockConfig
 .text.HAL_RCC_GetSysClockFreq
                0x08002804       0xa8 ./Drivers/STM32F3xx_HAL_Driver/Src/stm32f3xx_hal_rcc.o
                0x08002804                HAL_RCC_GetSysClockFreq
 .text.HAL_RCC_GetHCLKFreq
                0x080028ac       0x18 ./Drivers/STM32F3xx_HAL_Driver/Src/stm32f3xx_hal_rcc.o
                0x080028ac                HAL_RCC_GetHCLKFreq
 .text.HAL_RCC_GetPCLK1Freq
                0x080028c4       0x44 ./Drivers/STM32F3xx_HAL_Driver/Src/stm32f3xx_hal_rcc.o
                0x080028c4                HAL_RCC_GetPCLK1Freq
 .text.HAL_RCC_GetPCLK2Freq
                0x08002908       0x44 ./Drivers/STM32F3xx_HAL_Driver/Src/stm32f3xx_hal_rcc.o
                0x08002908                HAL_RCC_GetPCLK2Freq
 .text.HAL_RCCEx_PeriphCLKConfig
                0x0800294c      0x43c ./Drivers/STM32F3xx_HAL_Driver/Src/stm32f3xx_hal_rcc_ex.o
                0x0800294c                HAL_RCCEx_PeriphCLKConfig
 .text.HAL_TIM_Base_Init
                0x08002d88       0xae ./Drivers/STM32F3xx_HAL_Driver/Src/stm32f3xx_hal_tim.o
                0x08002d88                HAL_TIM_Base_Init
 *fill*         0x08002e36        0x2 
 .text.HAL_TIM_Base_Start_IT
                0x08002e38       0xe0 ./Drivers/STM32F3xx_HAL_Driver/Src/stm32f3xx_hal_tim.o
                0x08002e38                HAL_TIM_Base_Start_IT
 .text.HAL_TIM_Base_Stop_IT
                0x08002f18       0x5e ./Drivers/STM32F3xx_HAL_Driver/Src/stm32f3xx_hal_tim.o
                0x08002f18                HAL_TIM_Base_Stop_IT
 .text.HAL_TIM_IRQHandler
                0x08002f76      0x204 ./Drivers/STM32F3xx_HAL_Driver/Src/stm32f3xx_hal_tim.o
                0x08002f76                HAL_TIM_IRQHandler
 .text.HAL_TIM_OC_DelayElapsedCallback
                0x0800317a       0x14 ./Drivers/STM32F3xx_HAL_Driver/Src/stm32f3xx_hal_tim.o
                0x0800317a                HAL_TIM_OC_DelayElapsedCallback
 .text.HAL_TIM_IC_CaptureCallback
                0x0800318e       0x14 ./Drivers/STM32F3xx_HAL_Driver/Src/stm32f3xx_hal_tim.o
                0x0800318e                HAL_TIM_IC_CaptureCallback
 .text.HAL_TIM_PWM_PulseFinishedCallback
                0x080031a2       0x14 ./Drivers/STM32F3xx_HAL_Driver/Src/stm32f3xx_hal_tim.o
                0x080031a2                HAL_TIM_PWM_PulseFinishedCallback
 .text.HAL_TIM_TriggerCallback
                0x080031b6       0x14 ./Drivers/STM32F3xx_HAL_Driver/Src/stm32f3xx_hal_tim.o
                0x080031b6                HAL_TIM_TriggerCallback
 *fill*         0x080031ca        0x2 
 .text.TIM_Base_SetConfig
                0x080031cc      0x154 ./Drivers/STM32F3xx_HAL_Driver/Src/stm32f3xx_hal_tim.o
                0x080031cc                TIM_Base_SetConfig
 .text.HAL_TIMEx_MasterConfigSynchronization
                0x08003320      0x118 ./Drivers/STM32F3xx_HAL_Driver/Src/stm32f3xx_hal_tim_ex.o
                0x08003320                HAL_TIMEx_MasterConfigSynchronization
 .text.HAL_TIMEx_CommutCallback
                0x08003438       0x14 ./Drivers/STM32F3xx_HAL_Driver/Src/stm32f3xx_hal_tim_ex.o
                0x08003438                HAL_TIMEx_CommutCallback
 .text.HAL_TIMEx_BreakCallback
                0x0800344c       0x14 ./Drivers/STM32F3xx_HAL_Driver/Src/stm32f3xx_hal_tim_ex.o
                0x0800344c                HAL_TIMEx_BreakCallback
 .text.HAL_TIMEx_Break2Callback
                0x08003460       0x14 ./Drivers/STM32F3xx_HAL_Driver/Src/stm32f3xx_hal_tim_ex.o
                0x08003460                HAL_TIMEx_Break2Callback
 .text.HAL_UART_Init
                0x08003474       0x9c ./Drivers/STM32F3xx_HAL_Driver/Src/stm32f3xx_hal_uart.o
                0x08003474                HAL_UART_Init
 .text.UART_SetConfig
                0x08003510      0x3a8 ./Drivers/STM32F3xx_HAL_Driver/Src/stm32f3xx_hal_uart.o
                0x08003510                UART_SetConfig
 .text.UART_AdvFeatureConfig
                0x080038b8      0x144 ./Drivers/STM32F3xx_HAL_Driver/Src/stm32f3xx_hal_uart.o
                0x080038b8                UART_AdvFeatureConfig
 .text.UART_CheckIdleState
                0x080039fc      0x150 ./Drivers/STM32F3xx_HAL_Driver/Src/stm32f3xx_hal_uart.o
                0x080039fc                UART_CheckIdleState
 .text.UART_WaitOnFlagUntilTimeout
                0x08003b4c       0xda ./Drivers/STM32F3xx_HAL_Driver/Src/stm32f3xx_hal_uart.o
                0x08003b4c                UART_WaitOnFlagUntilTimeout
 .text.UART_EndRxTransfer
                0x08003c26       0xc8 ./Drivers/STM32F3xx_HAL_Driver/Src/stm32f3xx_hal_uart.o
 .text.memset   0x08003cee       0x10 F:/STM32cubeIDE/STM32CubeIDE_1.15.1/STM32CubeIDE/plugins/com.st.stm32cube.ide.mcu.externaltools.gnu-tools-for-stm32.12.3.rel1.win32_1.0.100.202403111256/tools/bin/../lib/gcc/arm-none-eabi/12.3.1/../../../../arm-none-eabi/lib/thumb/v7e-m+fp/hard\libc_nano.a(libc_a-memset.o)
                0x08003cee                memset
 *fill*         0x08003cfe        0x2 
 .text.__libc_init_array
                0x08003d00       0x48 F:/STM32cubeIDE/STM32CubeIDE_1.15.1/STM32CubeIDE/plugins/com.st.stm32cube.ide.mcu.externaltools.gnu-tools-for-stm32.12.3.rel1.win32_1.0.100.202403111256/tools/bin/../lib/gcc/arm-none-eabi/12.3.1/../../../../arm-none-eabi/lib/thumb/v7e-m+fp/hard\libc_nano.a(libc_a-init.o)
                0x08003d00                __libc_init_array
 *(.glue_7)
 .glue_7        0x08003d48        0x0 linker stubs
 *(.glue_7t)
 .glue_7t       0x08003d48        0x0 linker stubs
 *(.eh_frame)
 .eh_frame      0x08003d48        0x0 F:/STM32cubeIDE/STM32CubeIDE_1.15.1/STM32CubeIDE/plugins/com.st.stm32cube.ide.mcu.externaltools.gnu-tools-for-stm32.12.3.rel1.win32_1.0.100.202403111256/tools/bin/../lib/gcc/arm-none-eabi/12.3.1/thumb/v7e-m+fp/hard/crtbegin.o
 *(.init)
 .init          0x08003d48        0x4 F:/STM32cubeIDE/STM32CubeIDE_1.15.1/STM32CubeIDE/plugins/com.st.stm32cube.ide.mcu.externaltools.gnu-tools-for-stm32.12.3.rel1.win32_1.0.100.202403111256/tools/bin/../lib/gcc/arm-none-eabi/12.3.1/thumb/v7e-m+fp/hard/crti.o
                0x08003d48                _init
 .init          0x08003d4c        0x8 F:/STM32cubeIDE/STM32CubeIDE_1.15.1/STM32CubeIDE/plugins/com.st.stm32cube.ide.mcu.externaltools.gnu-tools-for-stm32.12.3.rel1.win32_1.0.100.202403111256/tools/bin/../lib/gcc/arm-none-eabi/12.3.1/thumb/v7e-m+fp/hard/crtn.o
 *(.fini)
 .fini          0x08003d54        0x4 F:/STM32cubeIDE/STM32CubeIDE_1.15.1/STM32CubeIDE/plugins/com.st.stm32cube.ide.mcu.externaltools.gnu-tools-for-stm32.12.3.rel1.win32_1.0.100.202403111256/tools/bin/../lib/gcc/arm-none-eabi/12.3.1/thumb/v7e-m+fp/hard/crti.o
                0x08003d54                _fini
 .fini          0x08003d58        0x8 F:/STM32cubeIDE/STM32CubeIDE_1.15.1/STM32CubeIDE/plugins/com.st.stm32cube.ide.mcu.externaltools.gnu-tools-for-stm32.12.3.rel1.win32_1.0.100.202403111256/tools/bin/../lib/gcc/arm-none-eabi/12.3.1/thumb/v7e-m+fp/hard/crtn.o
                0x08003d60                        . = ALIGN (0x4)
                0x08003d60                        _etext = .

.vfp11_veneer   0x08003d60        0x0
 .vfp11_veneer  0x08003d60        0x0 linker stubs

.v4_bx          0x08003d60        0x0
 .v4_bx         0x08003d60        0x0 linker stubs

.iplt           0x08003d60        0x0
 .iplt          0x08003d60        0x0 F:/STM32cubeIDE/STM32CubeIDE_1.15.1/STM32CubeIDE/plugins/com.st.stm32cube.ide.mcu.externaltools.gnu-tools-for-stm32.12.3.rel1.win32_1.0.100.202403111256/tools/bin/../lib/gcc/arm-none-eabi/12.3.1/thumb/v7e-m+fp/hard/crtbegin.o

.rodata         0x08003d60       0x80
                0x08003d60                        . = ALIGN (0x4)
 *(.rodata)
 .rodata        0x08003d60       0x48 ./Core/Src/main.o
 *(.rodata*)
 .rodata.AHBPrescTable
                0x08003da8       0x10 ./Core/Src/system_stm32f3xx.o
                0x08003da8                AHBPrescTable
 .rodata.APBPrescTable
                0x08003db8        0x8 ./Core/Src/system_stm32f3xx.o
                0x08003db8                APBPrescTable
 .rodata.aPLLMULFactorTable
                0x08003dc0       0x10 ./Drivers/STM32F3xx_HAL_Driver/Src/stm32f3xx_hal_rcc.o
 .rodata.aPredivFactorTable
                0x08003dd0       0x10 ./Drivers/STM32F3xx_HAL_Driver/Src/stm32f3xx_hal_rcc.o
                0x08003de0                        . = ALIGN (0x4)

.ARM.extab      0x08003de0        0x0
                0x08003de0                        . = ALIGN (0x4)
 *(.ARM.extab* .gnu.linkonce.armextab.*)
                0x08003de0                        . = ALIGN (0x4)

.ARM            0x08003de0        0x0
                0x08003de0                        . = ALIGN (0x4)
                0x08003de0                        __exidx_start = .
 *(.ARM.exidx*)
                0x08003de0                        __exidx_end = .
                0x08003de0                        . = ALIGN (0x4)

.preinit_array  0x08003de0        0x0
                0x08003de0                        . = ALIGN (0x4)
                0x08003de0                        PROVIDE (__preinit_array_start = .)
 *(.preinit_array*)
                0x08003de0                        PROVIDE (__preinit_array_end = .)
                0x08003de0                        . = ALIGN (0x4)

.init_array     0x08003de0        0x4
                0x08003de0                        . = ALIGN (0x4)
                0x08003de0                        PROVIDE (__init_array_start = .)
 *(SORT_BY_NAME(.init_array.*))
 *(.init_array*)
 .init_array    0x08003de0        0x4 F:/STM32cubeIDE/STM32CubeIDE_1.15.1/STM32CubeIDE/plugins/com.st.stm32cube.ide.mcu.externaltools.gnu-tools-for-stm32.12.3.rel1.win32_1.0.100.202403111256/tools/bin/../lib/gcc/arm-none-eabi/12.3.1/thumb/v7e-m+fp/hard/crtbegin.o
                0x08003de4                        PROVIDE (__init_array_end = .)
                0x08003de4                        . = ALIGN (0x4)

.fini_array     0x08003de4        0x4
                0x08003de4                        . = ALIGN (0x4)
                [!provide]                        PROVIDE (__fini_array_start = .)
 *(SORT_BY_NAME(.fini_array.*))
 *(.fini_array*)
 .fini_array    0x08003de4        0x4 F:/STM32cubeIDE/STM32CubeIDE_1.15.1/STM32CubeIDE/plugins/com.st.stm32cube.ide.mcu.externaltools.gnu-tools-for-stm32.12.3.rel1.win32_1.0.100.202403111256/tools/bin/../lib/gcc/arm-none-eabi/12.3.1/thumb/v7e-m+fp/hard/crtbegin.o
                [!provide]                        PROVIDE (__fini_array_end = .)
                0x08003de8                        . = ALIGN (0x4)
                0x08003de8                        _sidata = LOADADDR (.data)

.rel.dyn        0x08003de8        0x0
 .rel.iplt      0x08003de8        0x0 F:/STM32cubeIDE/STM32CubeIDE_1.15.1/STM32CubeIDE/plugins/com.st.stm32cube.ide.mcu.externaltools.gnu-tools-for-stm32.12.3.rel1.win32_1.0.100.202403111256/tools/bin/../lib/gcc/arm-none-eabi/12.3.1/thumb/v7e-m+fp/hard/crtbegin.o

.data           0x20000000       0x1c load address 0x08003de8
                0x20000000                        . = ALIGN (0x4)
                0x20000000                        _sdata = .
 *(.data)
 *(.data*)
 .data.key_map  0x20000000       0x10 ./Core/Src/main.o
                0x20000000                key_map
 .data.SystemCoreClock
                0x20000010        0x4 ./Core/Src/system_stm32f3xx.o
                0x20000010                SystemCoreClock
 .data.uwTickPrio
                0x20000014        0x4 ./Drivers/STM32F3xx_HAL_Driver/Src/stm32f3xx_hal.o
                0x20000014                uwTickPrio
 .data.uwTickFreq
                0x20000018        0x1 ./Drivers/STM32F3xx_HAL_Driver/Src/stm32f3xx_hal.o
                0x20000018                uwTickFreq
 *(.RamFunc)
 *(.RamFunc*)
                0x2000001c                        . = ALIGN (0x4)
 *fill*         0x20000019        0x3 
                0x2000001c                        _edata = .
                0x08003e04                        _siccmram = LOADADDR (.ccmram)

.igot.plt       0x2000001c        0x0 load address 0x08003e04
 .igot.plt      0x2000001c        0x0 F:/STM32cubeIDE/STM32CubeIDE_1.15.1/STM32CubeIDE/plugins/com.st.stm32cube.ide.mcu.externaltools.gnu-tools-for-stm32.12.3.rel1.win32_1.0.100.202403111256/tools/bin/../lib/gcc/arm-none-eabi/12.3.1/thumb/v7e-m+fp/hard/crtbegin.o

.ccmram         0x10000000        0x0 load address 0x08003e04
                0x10000000                        . = ALIGN (0x4)
                0x10000000                        _sccmram = .
 *(.ccmram)
 *(.ccmram*)
                0x10000000                        . = ALIGN (0x4)
                0x10000000                        _eccmram = .
                0x10000000                        . = ALIGN (0x4)

.bss            0x2000001c       0xf8
                0x2000001c                        _sbss = .
                0x2000001c                        __bss_start__ = _sbss
 *(.bss)
 .bss           0x2000001c       0x1c F:/STM32cubeIDE/STM32CubeIDE_1.15.1/STM32CubeIDE/plugins/com.st.stm32cube.ide.mcu.externaltools.gnu-tools-for-stm32.12.3.rel1.win32_1.0.100.202403111256/tools/bin/../lib/gcc/arm-none-eabi/12.3.1/thumb/v7e-m+fp/hard/crtbegin.o
 *(.bss*)
 .bss.htim6     0x20000038       0x4c ./Core/Src/main.o
                0x20000038                htim6
 .bss.huart2    0x20000084       0x88 ./Core/Src/main.o
                0x20000084                huart2
 .bss.is_done   0x2000010c        0x1 ./Core/Src/main.o
                0x2000010c                is_done
 *fill*         0x2000010d        0x3 
 .bss.uwTick    0x20000110        0x4 ./Drivers/STM32F3xx_HAL_Driver/Src/stm32f3xx_hal.o
                0x20000110                uwTick
 *(COMMON)
                0x20000114                        . = ALIGN (0x4)
                0x20000114                        _ebss = .
                0x20000114                        __bss_end__ = _ebss

._user_heap_stack
                0x20000114      0x604
                0x20000118                        . = ALIGN (0x8)
 *fill*         0x20000114        0x4 
                [!provide]                        PROVIDE (end = .)
                0x20000118                        PROVIDE (_end = .)
                0x20000318                        . = (. + _Min_Heap_Size)
 *fill*         0x20000118      0x200 
                0x20000718                        . = (. + _Min_Stack_Size)
 *fill*         0x20000318      0x400 
                0x20000718                        . = ALIGN (0x8)

/DISCARD/
 libc.a(*)
 libm.a(*)
 libgcc.a(*)

.ARM.attributes
                0x00000000       0x30
 *(.ARM.attributes)
 .ARM.attributes
                0x00000000       0x22 F:/STM32cubeIDE/STM32CubeIDE_1.15.1/STM32CubeIDE/plugins/com.st.stm32cube.ide.mcu.externaltools.gnu-tools-for-stm32.12.3.rel1.win32_1.0.100.202403111256/tools/bin/../lib/gcc/arm-none-eabi/12.3.1/thumb/v7e-m+fp/hard/crti.o
 .ARM.attributes
                0x00000022       0x34 F:/STM32cubeIDE/STM32CubeIDE_1.15.1/STM32CubeIDE/plugins/com.st.stm32cube.ide.mcu.externaltools.gnu-tools-for-stm32.12.3.rel1.win32_1.0.100.202403111256/tools/bin/../lib/gcc/arm-none-eabi/12.3.1/thumb/v7e-m+fp/hard/crtbegin.o
 .ARM.attributes
                0x00000056       0x20 ./Core/Src/delay.o
 .ARM.attributes
                0x00000076       0x34 ./Core/Src/main.o
 .ARM.attributes
                0x000000aa       0x34 ./Core/Src/stm32f3xx_hal_msp.o
 .ARM.attributes
                0x000000de       0x34 ./Core/Src/stm32f3xx_it.o
 .ARM.attributes
                0x00000112       0x34 ./Core/Src/system_stm32f3xx.o
 .ARM.attributes
                0x00000146       0x21 ./Core/Startup/startup_stm32f303retx.o
 .ARM.attributes
                0x00000167       0x34 ./Drivers/STM32F3xx_HAL_Driver/Src/stm32f3xx_hal.o
 .ARM.attributes
                0x0000019b       0x34 ./Drivers/STM32F3xx_HAL_Driver/Src/stm32f3xx_hal_cortex.o
 .ARM.attributes
                0x000001cf       0x34 ./Drivers/STM32F3xx_HAL_Driver/Src/stm32f3xx_hal_gpio.o
 .ARM.attributes
                0x00000203       0x34 ./Drivers/STM32F3xx_HAL_Driver/Src/stm32f3xx_hal_rcc.o
 .ARM.attributes
                0x00000237       0x34 ./Drivers/STM32F3xx_HAL_Driver/Src/stm32f3xx_hal_rcc_ex.o
 .ARM.attributes
                0x0000026b       0x34 ./Drivers/STM32F3xx_HAL_Driver/Src/stm32f3xx_hal_tim.o
 .ARM.attributes
                0x0000029f       0x34 ./Drivers/STM32F3xx_HAL_Driver/Src/stm32f3xx_hal_tim_ex.o
 .ARM.attributes
                0x000002d3       0x34 ./Drivers/STM32F3xx_HAL_Driver/Src/stm32f3xx_hal_uart.o
 .ARM.attributes
                0x00000307       0x34 F:/STM32cubeIDE/STM32CubeIDE_1.15.1/STM32CubeIDE/plugins/com.st.stm32cube.ide.mcu.externaltools.gnu-tools-for-stm32.12.3.rel1.win32_1.0.100.202403111256/tools/bin/../lib/gcc/arm-none-eabi/12.3.1/../../../../arm-none-eabi/lib/thumb/v7e-m+fp/hard\libc_nano.a(libc_a-memset.o)
 .ARM.attributes
                0x0000033b       0x34 F:/STM32cubeIDE/STM32CubeIDE_1.15.1/STM32CubeIDE/plugins/com.st.stm32cube.ide.mcu.externaltools.gnu-tools-for-stm32.12.3.rel1.win32_1.0.100.202403111256/tools/bin/../lib/gcc/arm-none-eabi/12.3.1/../../../../arm-none-eabi/lib/thumb/v7e-m+fp/hard\libc_nano.a(libc_a-init.o)
 .ARM.attributes
                0x0000036f       0x22 F:/STM32cubeIDE/STM32CubeIDE_1.15.1/STM32CubeIDE/plugins/com.st.stm32cube.ide.mcu.externaltools.gnu-tools-for-stm32.12.3.rel1.win32_1.0.100.202403111256/tools/bin/../lib/gcc/arm-none-eabi/12.3.1/thumb/v7e-m+fp/hard/crtn.o
OUTPUT(lab03task5.elf elf32-littlearm)
LOAD linker stubs
LOAD F:/STM32cubeIDE/STM32CubeIDE_1.15.1/STM32CubeIDE/plugins/com.st.stm32cube.ide.mcu.externaltools.gnu-tools-for-stm32.12.3.rel1.win32_1.0.100.202403111256/tools/bin/../lib/gcc/arm-none-eabi/12.3.1/../../../../arm-none-eabi/lib/thumb/v7e-m+fp/hard\libc.a
LOAD F:/STM32cubeIDE/STM32CubeIDE_1.15.1/STM32CubeIDE/plugins/com.st.stm32cube.ide.mcu.externaltools.gnu-tools-for-stm32.12.3.rel1.win32_1.0.100.202403111256/tools/bin/../lib/gcc/arm-none-eabi/12.3.1/../../../../arm-none-eabi/lib/thumb/v7e-m+fp/hard\libm.a
LOAD F:/STM32cubeIDE/STM32CubeIDE_1.15.1/STM32CubeIDE/plugins/com.st.stm32cube.ide.mcu.externaltools.gnu-tools-for-stm32.12.3.rel1.win32_1.0.100.202403111256/tools/bin/../lib/gcc/arm-none-eabi/12.3.1/thumb/v7e-m+fp/hard\libgcc.a

.debug_line     0x00000000     0xf96e
 .debug_line    0x00000000       0x50 ./Core/Src/delay.o
 .debug_line    0x00000050      0xead ./Core/Src/main.o
 .debug_line    0x00000efd      0x7fa ./Core/Src/stm32f3xx_hal_msp.o
 .debug_line    0x000016f7      0x864 ./Core/Src/stm32f3xx_it.o
 .debug_line    0x00001f5b      0x7f0 ./Core/Src/system_stm32f3xx.o
 .debug_line    0x0000274b       0x7a ./Core/Startup/startup_stm32f303retx.o
 .debug_line    0x000027c5      0xa23 ./Drivers/STM32F3xx_HAL_Driver/Src/stm32f3xx_hal.o
 .debug_line    0x000031e8      0xd10 ./Drivers/STM32F3xx_HAL_Driver/Src/stm32f3xx_hal_cortex.o
 .debug_line    0x00003ef8      0xbc2 ./Drivers/STM32F3xx_HAL_Driver/Src/stm32f3xx_hal_gpio.o
 .debug_line    0x00004aba     0x13cf ./Drivers/STM32F3xx_HAL_Driver/Src/stm32f3xx_hal_rcc.o
 .debug_line    0x00005e89      0xf38 ./Drivers/STM32F3xx_HAL_Driver/Src/stm32f3xx_hal_rcc_ex.o
 .debug_line    0x00006dc1     0x3eed ./Drivers/STM32F3xx_HAL_Driver/Src/stm32f3xx_hal_tim.o
 .debug_line    0x0000acae     0x1b41 ./Drivers/STM32F3xx_HAL_Driver/Src/stm32f3xx_hal_tim_ex.o
 .debug_line    0x0000c7ef     0x317f ./Drivers/STM32F3xx_HAL_Driver/Src/stm32f3xx_hal_uart.o

.debug_line_str
                0x00000000       0x66
 .debug_line_str
                0x00000000       0x3e ./Core/Src/delay.o
 .debug_line_str
                0x0000003e       0x28 ./Core/Startup/startup_stm32f303retx.o
                                 0x52 (size before relaxing)

.debug_info     0x00000000     0xe1f3
 .debug_info    0x00000000       0x24 ./Core/Src/delay.o
 .debug_info    0x00000024     0x174f ./Core/Src/main.o
 .debug_info    0x00001773      0xf37 ./Core/Src/stm32f3xx_hal_msp.o
 .debug_info    0x000026aa      0x71a ./Core/Src/stm32f3xx_it.o
 .debug_info    0x00002dc4      0x407 ./Core/Src/system_stm32f3xx.o
 .debug_info    0x000031cb       0x30 ./Core/Startup/startup_stm32f303retx.o
 .debug_info    0x000031fb      0x804 ./Drivers/STM32F3xx_HAL_Driver/Src/stm32f3xx_hal.o
 .debug_info    0x000039ff      0xd14 ./Drivers/STM32F3xx_HAL_Driver/Src/stm32f3xx_hal_cortex.o
 .debug_info    0x00004713      0x6a6 ./Drivers/STM32F3xx_HAL_Driver/Src/stm32f3xx_hal_gpio.o
 .debug_info    0x00004db9     0x149a ./Drivers/STM32F3xx_HAL_Driver/Src/stm32f3xx_hal_rcc.o
 .debug_info    0x00006253      0x61b ./Drivers/STM32F3xx_HAL_Driver/Src/stm32f3xx_hal_rcc_ex.o
 .debug_info    0x0000686e     0x2a70 ./Drivers/STM32F3xx_HAL_Driver/Src/stm32f3xx_hal_tim.o
 .debug_info    0x000092de     0x156d ./Drivers/STM32F3xx_HAL_Driver/Src/stm32f3xx_hal_tim_ex.o
 .debug_info    0x0000a84b     0x39a8 ./Drivers/STM32F3xx_HAL_Driver/Src/stm32f3xx_hal_uart.o

.debug_abbrev   0x00000000     0x1bd8
 .debug_abbrev  0x00000000       0x14 ./Core/Src/delay.o
 .debug_abbrev  0x00000014      0x346 ./Core/Src/main.o
 .debug_abbrev  0x0000035a      0x1c4 ./Core/Src/stm32f3xx_hal_msp.o
 .debug_abbrev  0x0000051e      0x192 ./Core/Src/stm32f3xx_it.o
 .debug_abbrev  0x000006b0      0x11a ./Core/Src/system_stm32f3xx.o
 .debug_abbrev  0x000007ca       0x24 ./Core/Startup/startup_stm32f303retx.o
 .debug_abbrev  0x000007ee      0x215 ./Drivers/STM32F3xx_HAL_Driver/Src/stm32f3xx_hal.o
 .debug_abbrev  0x00000a03      0x31e ./Drivers/STM32F3xx_HAL_Driver/Src/stm32f3xx_hal_cortex.o
 .debug_abbrev  0x00000d21      0x1ca ./Drivers/STM32F3xx_HAL_Driver/Src/stm32f3xx_hal_gpio.o
 .debug_abbrev  0x00000eeb      0x300 ./Drivers/STM32F3xx_HAL_Driver/Src/stm32f3xx_hal_rcc.o
 .debug_abbrev  0x000011eb      0x221 ./Drivers/STM32F3xx_HAL_Driver/Src/stm32f3xx_hal_rcc_ex.o
 .debug_abbrev  0x0000140c      0x278 ./Drivers/STM32F3xx_HAL_Driver/Src/stm32f3xx_hal_tim.o
 .debug_abbrev  0x00001684      0x283 ./Drivers/STM32F3xx_HAL_Driver/Src/stm32f3xx_hal_tim_ex.o
 .debug_abbrev  0x00001907      0x2d1 ./Drivers/STM32F3xx_HAL_Driver/Src/stm32f3xx_hal_uart.o

.debug_aranges  0x00000000      0xc58
 .debug_aranges
                0x00000000       0x20 ./Core/Src/delay.o
 .debug_aranges
                0x00000020       0x98 ./Core/Src/main.o
 .debug_aranges
                0x000000b8       0x40 ./Core/Src/stm32f3xx_hal_msp.o
 .debug_aranges
                0x000000f8       0x70 ./Core/Src/stm32f3xx_it.o
 .debug_aranges
                0x00000168       0x28 ./Core/Src/system_stm32f3xx.o
 .debug_aranges
                0x00000190       0x28 ./Core/Startup/startup_stm32f303retx.o
 .debug_aranges
                0x000001b8       0xe0 ./Drivers/STM32F3xx_HAL_Driver/Src/stm32f3xx_hal.o
 .debug_aranges
                0x00000298      0x128 ./Drivers/STM32F3xx_HAL_Driver/Src/stm32f3xx_hal_cortex.o
 .debug_aranges
                0x000003c0       0x58 ./Drivers/STM32F3xx_HAL_Driver/Src/stm32f3xx_hal_gpio.o
 .debug_aranges
                0x00000418       0x88 ./Drivers/STM32F3xx_HAL_Driver/Src/stm32f3xx_hal_rcc.o
 .debug_aranges
                0x000004a0       0x38 ./Drivers/STM32F3xx_HAL_Driver/Src/stm32f3xx_hal_rcc_ex.o
 .debug_aranges
                0x000004d8      0x3e0 ./Drivers/STM32F3xx_HAL_Driver/Src/stm32f3xx_hal_tim.o
 .debug_aranges
                0x000008b8      0x178 ./Drivers/STM32F3xx_HAL_Driver/Src/stm32f3xx_hal_tim_ex.o
 .debug_aranges
                0x00000a30      0x228 ./Drivers/STM32F3xx_HAL_Driver/Src/stm32f3xx_hal_uart.o

.debug_str      0x00000000    0xca13a
 .debug_str     0x00000000       0x4c ./Core/Src/delay.o
 .debug_str     0x0000004c    0xc7666 ./Core/Src/main.o
                              0xc7f6a (size before relaxing)
 .debug_str     0x000c76b2       0xcd ./Core/Src/stm32f3xx_hal_msp.o
                              0xc422d (size before relaxing)
 .debug_str     0x000c777f      0x10a ./Core/Src/stm32f3xx_it.o
                              0xc3a96 (size before relaxing)
 .debug_str     0x000c7889       0xe9 ./Core/Src/system_stm32f3xx.o
                              0xc307e (size before relaxing)
 .debug_str     0x000c7972       0x36 ./Core/Startup/startup_stm32f303retx.o
                                 0x6e (size before relaxing)
 .debug_str     0x000c79a8      0x37a ./Drivers/STM32F3xx_HAL_Driver/Src/stm32f3xx_hal.o
                              0xc3927 (size before relaxing)
 .debug_str     0x000c7d22      0x376 ./Drivers/STM32F3xx_HAL_Driver/Src/stm32f3xx_hal_cortex.o
                              0xc39ab (size before relaxing)
 .debug_str     0x000c8098      0x128 ./Drivers/STM32F3xx_HAL_Driver/Src/stm32f3xx_hal_gpio.o
                              0xc3263 (size before relaxing)
 .debug_str     0x000c81c0      0x2dd ./Drivers/STM32F3xx_HAL_Driver/Src/stm32f3xx_hal_rcc.o
                              0xc3522 (size before relaxing)
 .debug_str     0x000c849d       0xbe ./Drivers/STM32F3xx_HAL_Driver/Src/stm32f3xx_hal_rcc_ex.o
                              0xc336c (size before relaxing)
 .debug_str     0x000c855b      0xe75 ./Drivers/STM32F3xx_HAL_Driver/Src/stm32f3xx_hal_tim.o
                              0xc44b5 (size before relaxing)
 .debug_str     0x000c93d0      0x4dc ./Drivers/STM32F3xx_HAL_Driver/Src/stm32f3xx_hal_tim_ex.o
                              0xc3cfb (size before relaxing)
 .debug_str     0x000c98ac      0x88e ./Drivers/STM32F3xx_HAL_Driver/Src/stm32f3xx_hal_uart.o
                              0xc3da1 (size before relaxing)

.debug_rnglists
                0x00000000      0x99f
 .debug_rnglists
                0x00000000       0x73 ./Core/Src/main.o
 .debug_rnglists
                0x00000073       0x2c ./Core/Src/stm32f3xx_hal_msp.o
 .debug_rnglists
                0x0000009f       0x4f ./Core/Src/stm32f3xx_it.o
 .debug_rnglists
                0x000000ee       0x1a ./Core/Src/system_stm32f3xx.o
 .debug_rnglists
                0x00000108       0x19 ./Core/Startup/startup_stm32f303retx.o
 .debug_rnglists
                0x00000121       0xa3 ./Drivers/STM32F3xx_HAL_Driver/Src/stm32f3xx_hal.o
 .debug_rnglists
                0x000001c4       0xda ./Drivers/STM32F3xx_HAL_Driver/Src/stm32f3xx_hal_cortex.o
 .debug_rnglists
                0x0000029e       0x3f ./Drivers/STM32F3xx_HAL_Driver/Src/stm32f3xx_hal_gpio.o
 .debug_rnglists
                0x000002dd       0x66 ./Drivers/STM32F3xx_HAL_Driver/Src/stm32f3xx_hal_rcc.o
 .debug_rnglists
                0x00000343       0x29 ./Drivers/STM32F3xx_HAL_Driver/Src/stm32f3xx_hal_rcc_ex.o
 .debug_rnglists
                0x0000036c      0x328 ./Drivers/STM32F3xx_HAL_Driver/Src/stm32f3xx_hal_tim.o
 .debug_rnglists
                0x00000694      0x131 ./Drivers/STM32F3xx_HAL_Driver/Src/stm32f3xx_hal_tim_ex.o
 .debug_rnglists
                0x000007c5      0x1da ./Drivers/STM32F3xx_HAL_Driver/Src/stm32f3xx_hal_uart.o

.debug_macro    0x00000000    0x20893
 .debug_macro   0x00000000      0x2fd ./Core/Src/main.o
 .debug_macro   0x000002fd      0xab4 ./Core/Src/main.o
 .debug_macro   0x00000db1      0x157 ./Core/Src/main.o
 .debug_macro   0x00000f08       0x2e ./Core/Src/main.o
 .debug_macro   0x00000f36       0x28 ./Core/Src/main.o
 .debug_macro   0x00000f5e       0x22 ./Core/Src/main.o
 .debug_macro   0x00000f80       0x8e ./Core/Src/main.o
 .debug_macro   0x0000100e       0x51 ./Core/Src/main.o
 .debug_macro   0x0000105f      0x103 ./Core/Src/main.o
 .debug_macro   0x00001162       0x6a ./Core/Src/main.o
 .debug_macro   0x000011cc      0x1df ./Core/Src/main.o
 .debug_macro   0x000013ab       0x1c ./Core/Src/main.o
 .debug_macro   0x000013c7       0x22 ./Core/Src/main.o
 .debug_macro   0x000013e9       0xd9 ./Core/Src/main.o
 .debug_macro   0x000014c2     0x102d ./Core/Src/main.o
 .debug_macro   0x000024ef      0x11f ./Core/Src/main.o
 .debug_macro   0x0000260e    0x1535a ./Core/Src/main.o
 .debug_macro   0x00017968       0x6d ./Core/Src/main.o
 .debug_macro   0x000179d5     0x3574 ./Core/Src/main.o
 .debug_macro   0x0001af49      0x189 ./Core/Src/main.o
 .debug_macro   0x0001b0d2       0x55 ./Core/Src/main.o
 .debug_macro   0x0001b127      0x953 ./Core/Src/main.o
 .debug_macro   0x0001ba7a      0x84a ./Core/Src/main.o
 .debug_macro   0x0001c2c4      0x1b5 ./Core/Src/main.o
 .debug_macro   0x0001c479      0x23a ./Core/Src/main.o
 .debug_macro   0x0001c6b3      0x1ea ./Core/Src/main.o
 .debug_macro   0x0001c89d      0x1bc ./Core/Src/main.o
 .debug_macro   0x0001ca59       0x30 ./Core/Src/main.o
 .debug_macro   0x0001ca89       0x3c ./Core/Src/main.o
 .debug_macro   0x0001cac5      0x235 ./Core/Src/main.o
 .debug_macro   0x0001ccfa       0xc5 ./Core/Src/main.o
 .debug_macro   0x0001cdbf      0x21d ./Core/Src/main.o
 .debug_macro   0x0001cfdc      0x22c ./Core/Src/main.o
 .debug_macro   0x0001d208       0x5b ./Core/Src/main.o
 .debug_macro   0x0001d263       0xa5 ./Core/Src/main.o
 .debug_macro   0x0001d308       0x81 ./Core/Src/main.o
 .debug_macro   0x0001d389       0xd3 ./Core/Src/main.o
 .debug_macro   0x0001d45c      0xa60 ./Core/Src/main.o
 .debug_macro   0x0001debc       0xba ./Core/Src/main.o
 .debug_macro   0x0001df76      0x5ba ./Core/Src/main.o
 .debug_macro   0x0001e530       0x44 ./Core/Src/main.o
 .debug_macro   0x0001e574      0x347 ./Core/Src/main.o
 .debug_macro   0x0001e8bb      0x15a ./Core/Src/main.o
 .debug_macro   0x0001ea15       0x61 ./Core/Src/main.o
 .debug_macro   0x0001ea76       0x2a ./Core/Src/main.o
 .debug_macro   0x0001eaa0       0x43 ./Core/Src/main.o
 .debug_macro   0x0001eae3       0x34 ./Core/Src/main.o
 .debug_macro   0x0001eb17       0x16 ./Core/Src/main.o
 .debug_macro   0x0001eb2d       0x43 ./Core/Src/main.o
 .debug_macro   0x0001eb70       0x34 ./Core/Src/main.o
 .debug_macro   0x0001eba4       0x10 ./Core/Src/main.o
 .debug_macro   0x0001ebb4       0x58 ./Core/Src/main.o
 .debug_macro   0x0001ec0c       0x8e ./Core/Src/main.o
 .debug_macro   0x0001ec9a       0x1c ./Core/Src/main.o
 .debug_macro   0x0001ecb6      0x177 ./Core/Src/main.o
 .debug_macro   0x0001ee2d      0x369 ./Core/Src/main.o
 .debug_macro   0x0001f196       0x10 ./Core/Src/main.o
 .debug_macro   0x0001f1a6       0x35 ./Core/Src/main.o
 .debug_macro   0x0001f1db       0x20 ./Core/Src/main.o
 .debug_macro   0x0001f1fb       0x1c ./Core/Src/main.o
 .debug_macro   0x0001f217       0x10 ./Core/Src/main.o
 .debug_macro   0x0001f227       0x1c ./Core/Src/main.o
 .debug_macro   0x0001f243       0x16 ./Core/Src/main.o
 .debug_macro   0x0001f259      0x146 ./Core/Src/main.o
 .debug_macro   0x0001f39f       0x22 ./Core/Src/main.o
 .debug_macro   0x0001f3c1      0x1e6 ./Core/Src/stm32f3xx_hal_msp.o
 .debug_macro   0x0001f5a7      0x1f0 ./Core/Src/stm32f3xx_it.o
 .debug_macro   0x0001f797      0x1d7 ./Core/Src/system_stm32f3xx.o
 .debug_macro   0x0001f96e      0x1fb ./Drivers/STM32F3xx_HAL_Driver/Src/stm32f3xx_hal.o
 .debug_macro   0x0001fb69      0x1d7 ./Drivers/STM32F3xx_HAL_Driver/Src/stm32f3xx_hal_cortex.o
 .debug_macro   0x0001fd40      0x1de ./Drivers/STM32F3xx_HAL_Driver/Src/stm32f3xx_hal_gpio.o
 .debug_macro   0x0001ff1e      0x1fb ./Drivers/STM32F3xx_HAL_Driver/Src/stm32f3xx_hal_rcc.o
 .debug_macro   0x00020119      0x1d7 ./Drivers/STM32F3xx_HAL_Driver/Src/stm32f3xx_hal_rcc_ex.o
 .debug_macro   0x000202f0      0x1d8 ./Drivers/STM32F3xx_HAL_Driver/Src/stm32f3xx_hal_tim.o
 .debug_macro   0x000204c8      0x1d7 ./Drivers/STM32F3xx_HAL_Driver/Src/stm32f3xx_hal_tim_ex.o
 .debug_macro   0x0002069f      0x1f4 ./Drivers/STM32F3xx_HAL_Driver/Src/stm32f3xx_hal_uart.o

.comment        0x00000000       0x43
 .comment       0x00000000       0x43 ./Core/Src/main.o
                                 0x44 (size before relaxing)
 .comment       0x00000043       0x44 ./Core/Src/stm32f3xx_hal_msp.o
 .comment       0x00000043       0x44 ./Core/Src/stm32f3xx_it.o
 .comment       0x00000043       0x44 ./Core/Src/system_stm32f3xx.o
 .comment       0x00000043       0x44 ./Drivers/STM32F3xx_HAL_Driver/Src/stm32f3xx_hal.o
 .comment       0x00000043       0x44 ./Drivers/STM32F3xx_HAL_Driver/Src/stm32f3xx_hal_cortex.o
 .comment       0x00000043       0x44 ./Drivers/STM32F3xx_HAL_Driver/Src/stm32f3xx_hal_gpio.o
 .comment       0x00000043       0x44 ./Drivers/STM32F3xx_HAL_Driver/Src/stm32f3xx_hal_rcc.o
 .comment       0x00000043       0x44 ./Drivers/STM32F3xx_HAL_Driver/Src/stm32f3xx_hal_rcc_ex.o
 .comment       0x00000043       0x44 ./Drivers/STM32F3xx_HAL_Driver/Src/stm32f3xx_hal_tim.o
 .comment       0x00000043       0x44 ./Drivers/STM32F3xx_HAL_Driver/Src/stm32f3xx_hal_tim_ex.o
 .comment       0x00000043       0x44 ./Drivers/STM32F3xx_HAL_Driver/Src/stm32f3xx_hal_uart.o

.debug_frame    0x00000000     0x339c
 .debug_frame   0x00000000      0x244 ./Core/Src/main.o
 .debug_frame   0x00000244       0xc4 ./Core/Src/stm32f3xx_hal_msp.o
 .debug_frame   0x00000308      0x13c ./Core/Src/stm32f3xx_it.o
 .debug_frame   0x00000444       0x58 ./Core/Src/system_stm32f3xx.o
 .debug_frame   0x0000049c      0x334 ./Drivers/STM32F3xx_HAL_Driver/Src/stm32f3xx_hal.o
 .debug_frame   0x000007d0      0x4e8 ./Drivers/STM32F3xx_HAL_Driver/Src/stm32f3xx_hal_cortex.o
 .debug_frame   0x00000cb8      0x14c ./Drivers/STM32F3xx_HAL_Driver/Src/stm32f3xx_hal_gpio.o
 .debug_frame   0x00000e04      0x214 ./Drivers/STM32F3xx_HAL_Driver/Src/stm32f3xx_hal_rcc.o
 .debug_frame   0x00001018       0xb0 ./Drivers/STM32F3xx_HAL_Driver/Src/stm32f3xx_hal_rcc_ex.o
 .debug_frame   0x000010c8     0x1218 ./Drivers/STM32F3xx_HAL_Driver/Src/stm32f3xx_hal_tim.o
 .debug_frame   0x000022e0      0x688 ./Drivers/STM32F3xx_HAL_Driver/Src/stm32f3xx_hal_tim_ex.o
 .debug_frame   0x00002968      0x9e8 ./Drivers/STM32F3xx_HAL_Driver/Src/stm32f3xx_hal_uart.o
 .debug_frame   0x00003350       0x20 F:/STM32cubeIDE/STM32CubeIDE_1.15.1/STM32CubeIDE/plugins/com.st.stm32cube.ide.mcu.externaltools.gnu-tools-for-stm32.12.3.rel1.win32_1.0.100.202403111256/tools/bin/../lib/gcc/arm-none-eabi/12.3.1/../../../../arm-none-eabi/lib/thumb/v7e-m+fp/hard\libc_nano.a(libc_a-memset.o)
 .debug_frame   0x00003370       0x2c F:/STM32cubeIDE/STM32CubeIDE_1.15.1/STM32CubeIDE/plugins/com.st.stm32cube.ide.mcu.externaltools.gnu-tools-for-stm32.12.3.rel1.win32_1.0.100.202403111256/tools/bin/../lib/gcc/arm-none-eabi/12.3.1/../../../../arm-none-eabi/lib/thumb/v7e-m+fp/hard\libc_nano.a(libc_a-init.o)
