../Core/Src/main.c:130:6:HAL_GPIO_EXTI_Callback	104	static
../Core/Src/main.c:398:6:HAL_TIM_PeriodElapsedCallback	16	static
../Core/Src/main.c:417:5:main	8	static
../Core/Src/main.c:524:6:SystemClock_Config	160	static
../Core/Src/main.c:573:13:MX_RTC_Init	72	static
../Core/Src/main.c:655:13:MX_TIM1_Init	112	static
../Core/Src/main.c:739:13:MX_TIM6_Init	24	static
../Core/Src/main.c:777:13:MX_TIM7_Init	24	static
../Core/Src/main.c:815:13:MX_GPIO_Init	48	static
../Core/Src/main.c:926:6:system_clock_setup	160	static
../Core/Src/main.c:971:6:Error_Handler	4	static,ignoring_inline_asm
