../Core/Src/time.c:15:6:timePage	64	static
../Core/Src/time.c:42:6:updateTime	40	static
../Core/Src/time.c:75:6:alarmPage	48	static
../Core/Src/time.c:98:6:updateAlarm	48	static
../Core/Src/time.c:117:6:switchTimeFormat	4	static
../Core/Src/time.c:122:6:switchAMPM	16	static
../Core/Src/time.c:133:6:changeAlarmHour	16	static
../Core/Src/time.c:139:6:changeAlarmMin	16	static
../Core/Src/time.c:145:6:alarmConfirm	32	static
../Core/Src/time.c:163:6:countdownPage	48	static
../Core/Src/time.c:172:6:toggleCountdown	16	static
../Core/Src/time.c:179:6:mintueCountdown	16	static
../Core/Src/time.c:187:6:secondCountdown	16	static
../Core/Src/time.c:194:6:updateCountdown	48	static
../Core/Src/time.c:200:6:resetCountdown	16	static
../Core/Src/time.c:206:6:runCountdown	104	static
../Core/Src/time.c:248:6:stopwatchPage	56	static
../Core/Src/time.c:259:6:lapStopwatch	56	static
../Core/Src/time.c:269:6:resetStopwatch	16	static
../Core/Src/time.c:274:6:toggleStopwatch	16	static
../Core/Src/time.c:282:6:updateStopwatch	56	static
../Core/Src/time.c:288:6:runStopwatch	24	static
